Component: ARM Compiler 5.06 update 1 (build 61) Tool: armlink [4d35a8]

==============================================================================

Section Cross References

    startup_stm32f401xc.o(RESET) refers to startup_stm32f401xc.o(STACK) for __initial_sp
    startup_stm32f401xc.o(RESET) refers to startup_stm32f401xc.o(.text) for Reset_Handler
    startup_stm32f401xc.o(RESET) refers to stm32f4xx_it.o(i.NMI_Handler) for NMI_Handler
    startup_stm32f401xc.o(RESET) refers to stm32f4xx_it.o(i.HardFault_Handler) for HardFault_Handler
    startup_stm32f401xc.o(RESET) refers to stm32f4xx_it.o(i.MemManage_Handler) for MemManage_Handler
    startup_stm32f401xc.o(RESET) refers to stm32f4xx_it.o(i.BusFault_Handler) for BusFault_Handler
    startup_stm32f401xc.o(RESET) refers to stm32f4xx_it.o(i.UsageFault_Handler) for UsageFault_Handler
    startup_stm32f401xc.o(RESET) refers to stm32f4xx_it.o(i.SVC_Handler) for SVC_Handler
    startup_stm32f401xc.o(RESET) refers to stm32f4xx_it.o(i.DebugMon_Handler) for DebugMon_Handler
    startup_stm32f401xc.o(RESET) refers to stm32f4xx_it.o(i.PendSV_Handler) for PendSV_Handler
    startup_stm32f401xc.o(RESET) refers to stm32f4xx_it.o(i.SysTick_Handler) for SysTick_Handler
    startup_stm32f401xc.o(RESET) refers to stm32f4xx_it.o(i.EXTI0_IRQHandler) for EXTI0_IRQHandler
    startup_stm32f401xc.o(RESET) refers to stm32f4xx_it.o(i.EXTI4_IRQHandler) for EXTI4_IRQHandler
    startup_stm32f401xc.o(RESET) refers to stm32f4xx_it.o(i.DMA1_Stream3_IRQHandler) for DMA1_Stream3_IRQHandler
    startup_stm32f401xc.o(RESET) refers to stm32f4xx_it.o(i.TIM4_IRQHandler) for TIM4_IRQHandler
    startup_stm32f401xc.o(RESET) refers to stm32f4xx_it.o(i.DMA1_Stream7_IRQHandler) for DMA1_Stream7_IRQHandler
    startup_stm32f401xc.o(RESET) refers to stm32f4xx_it.o(i.OTG_FS_IRQHandler) for OTG_FS_IRQHandler
    startup_stm32f401xc.o(.text) refers to system_stm32f4xx.o(i.SystemInit) for SystemInit
    startup_stm32f401xc.o(.text) refers to entry.o(.ARM.Collect$$$$00000000) for __main
    main.o(i.Error_Handler) refers to stm32f401_discovery.o(i.BSP_LED_On) for BSP_LED_On
    main.o(i.HAL_GPIO_EXTI_Callback) refers to main.o(.data) for PbPressCheck
    main.o(i.HAL_TIM_OC_DelayElapsedCallback) refers to stm32f4xx_hal_tim.o(i.HAL_TIM_ReadCapturedValue) for HAL_TIM_ReadCapturedValue
    main.o(i.HAL_TIM_OC_DelayElapsedCallback) refers to main.o(.data) for CCR1Val
    main.o(i.SystemClock_Config) refers to stm32f4xx_hal_rcc.o(i.HAL_RCC_OscConfig) for HAL_RCC_OscConfig
    main.o(i.SystemClock_Config) refers to main.o(i.Error_Handler) for Error_Handler
    main.o(i.SystemClock_Config) refers to stm32f4xx_hal_rcc.o(i.HAL_RCC_ClockConfig) for HAL_RCC_ClockConfig
    main.o(i.TIM_LED_Config) refers to stm32f4xx_hal_cortex.o(i.HAL_NVIC_SetPriority) for HAL_NVIC_SetPriority
    main.o(i.TIM_LED_Config) refers to stm32f4xx_hal_cortex.o(i.HAL_NVIC_EnableIRQ) for HAL_NVIC_EnableIRQ
    main.o(i.TIM_LED_Config) refers to stm32f4xx_hal_rcc.o(i.HAL_RCC_GetPCLK1Freq) for HAL_RCC_GetPCLK1Freq
    main.o(i.TIM_LED_Config) refers to stm32f4xx_hal_tim.o(i.HAL_TIM_OC_Init) for HAL_TIM_OC_Init
    main.o(i.TIM_LED_Config) refers to main.o(i.Error_Handler) for Error_Handler
    main.o(i.TIM_LED_Config) refers to stm32f4xx_hal_tim.o(i.HAL_TIM_OC_ConfigChannel) for HAL_TIM_OC_ConfigChannel
    main.o(i.TIM_LED_Config) refers to stm32f4xx_hal_tim.o(i.HAL_TIM_OC_Start_IT) for HAL_TIM_OC_Start_IT
    main.o(i.TIM_LED_Config) refers to main.o(.bss) for hTimLed
    main.o(i.TIM_LED_Config) refers to main.o(.data) for CCR1Val
    main.o(i.USBH_UserProcess) refers to application.o(i.application_disconect) for application_disconect
    main.o(i.USBH_UserProcess) refers to application.o(i.application_conect) for application_conect
    main.o(i.main) refers to stm32f4xx_hal.o(i.HAL_Init) for HAL_Init
    main.o(i.main) refers to stm32f401_discovery.o(i.BSP_LED_Init) for BSP_LED_Init
    main.o(i.main) refers to main.o(i.SystemClock_Config) for SystemClock_Config
    main.o(i.main) refers to stm32f401_discovery_accelerometer.o(i.BSP_ACCELERO_Init) for BSP_ACCELERO_Init
    main.o(i.main) refers to main.o(i.Error_Handler) for Error_Handler
    main.o(i.main) refers to stm32f401_discovery_accelerometer.o(i.BSP_ACCELERO_Click_ITConfig) for BSP_ACCELERO_Click_ITConfig
    main.o(i.main) refers to main.o(i.TIM_LED_Config) for TIM_LED_Config
    main.o(i.main) refers to stm32f401_discovery.o(i.BSP_PB_Init) for BSP_PB_Init
    main.o(i.main) refers to application.o(i.application_init) for application_init
    main.o(i.main) refers to usbh_core.o(i.USBH_Init) for USBH_Init
    main.o(i.main) refers to usbh_core.o(i.USBH_RegisterClass) for USBH_RegisterClass
    main.o(i.main) refers to usbh_core.o(i.USBH_Start) for USBH_Start
    main.o(i.main) refers to application.o(i.application_task) for application_task
    main.o(i.main) refers to usbh_core.o(i.USBH_Process) for USBH_Process
[...]
    _printf_lc                               0x00000000   Number         0  stubs.o ABSOLUTE
    _printf_ll                               0x00000000   Number         0  stubs.o ABSOLUTE
    _printf_lld                              0x00000000   Number         0  stubs.o ABSOLUTE
    _printf_lli                              0x00000000   Number         0  stubs.o ABSOLUTE
    _printf_llo                              0x00000000   Number         0  stubs.o ABSOLUTE
    _printf_llu                              0x00000000   Number         0  stubs.o ABSOLUTE
    _printf_llx                              0x00000000   Number         0  stubs.o ABSOLUTE
    _printf_longlong_dec                     0x00000000   Number         0  stubs.o ABSOLUTE
    _printf_longlong_hex                     0x00000000   Number         0  stubs.o ABSOLUTE
    _printf_longlong_oct                     0x00000000   Number         0  stubs.o ABSOLUTE
    _printf_ls                               0x00000000   Number         0  stubs.o ABSOLUTE
    _printf_mbtowc                           0x00000000   Number         0  stubs.o ABSOLUTE
    _printf_n                                0x00000000   Number         0  stubs.o ABSOLUTE
    _printf_o                                0x00000000   Number         0  stubs.o ABSOLUTE
    _printf_p                                0x00000000   Number         0  stubs.o ABSOLUTE
    _printf_percent                          0x00000000   Number         0  stubs.o ABSOLUTE
    _printf_pre_padding                      0x00000000   Number         0  stubs.o ABSOLUTE
    _printf_return_value                     0x00000000   Number         0  stubs.o ABSOLUTE
    _printf_s                                0x00000000   Number         0  stubs.o ABSOLUTE
    _printf_sizespec                         0x00000000   Number         0  stubs.o ABSOLUTE
    _printf_str                              0x00000000   Number         0  stubs.o ABSOLUTE
    _printf_truncate_signed                  0x00000000   Number         0  stubs.o ABSOLUTE
    _printf_truncate_unsigned                0x00000000   Number         0  stubs.o ABSOLUTE
    _printf_u                                0x00000000   Number         0  stubs.o ABSOLUTE
    _printf_wc                               0x00000000   Number         0  stubs.o ABSOLUTE
    _printf_wctomb                           0x00000000   Number         0  stubs.o ABSOLUTE
    _printf_widthprec                        0x00000000   Number         0  stubs.o ABSOLUTE
    _printf_x                                0x00000000   Number         0  stubs.o ABSOLUTE
    __cpp_initialize__aeabi_                  - Undefined Weak Reference
    __cxa_finalize                            - Undefined Weak Reference
    __decompress                              - Undefined Weak Reference
    _clock_init                               - Undefined Weak Reference
    _microlib_exit                            - Undefined Weak Reference
    __Vectors_Size                           0x00000194   Number         0  startup_stm32f401xc.o ABSOLUTE
    __Vectors                                0x08000000   Data           4  startup_stm32f401xc.o(RESET)
    __Vectors_End                            0x08000194   Data           0  startup_stm32f401xc.o(RESET)
    __main                                   0x08000195   Thumb Code     0  entry.o(.ARM.Collect$$$$00000000)
    _main_stk                                0x08000195   Thumb Code     0  entry2.o(.ARM.Collect$$$$00000001)
    _main_scatterload                        0x08000199   Thumb Code     0  entry5.o(.ARM.Collect$$$$00000004)
    __main_after_scatterload                 0x0800019d   Thumb Code     0  entry5.o(.ARM.Collect$$$$00000004)
    _main_clock                              0x0800019d   Thumb Code     0  entry7b.o(.ARM.Collect$$$$00000008)
    _main_cpp_init                           0x0800019d   Thumb Code     0  entry8b.o(.ARM.Collect$$$$0000000A)
    _main_init                               0x0800019d   Thumb Code     0  entry9a.o(.ARM.Collect$$$$0000000B)
    __rt_final_cpp                           0x080001a5   Thumb Code     0  entry10a.o(.ARM.Collect$$$$0000000D)
    __rt_final_exit                          0x080001a5   Thumb Code     0  entry11a.o(.ARM.Collect$$$$0000000F)
    __asm___14_waverecorder_c_6db1a0f1____REV16 0x080001a9   Thumb Code     4  waverecorder.o(.rev16_text)
    Reset_Handler                            0x080001ad   Thumb Code     8  startup_stm32f401xc.o(.text)
    ADC_IRQHandler                           0x080001c7   Thumb Code     0  startup_stm32f401xc.o(.text)
    DMA1_Stream0_IRQHandler                  0x080001c7   Thumb Code     0  startup_stm32f401xc.o(.text)
    DMA1_Stream1_IRQHandler                  0x080001c7   Thumb Code     0  startup_stm32f401xc.o(.text)
    DMA1_Stream2_IRQHandler                  0x080001c7   Thumb Code     0  startup_stm32f401xc.o(.text)
    DMA1_Stream4_IRQHandler                  0x080001c7   Thumb Code     0  startup_stm32f401xc.o(.text)
    DMA1_Stream5_IRQHandler                  0x080001c7   Thumb Code     0  startup_stm32f401xc.o(.text)
    DMA1_Stream6_IRQHandler                  0x080001c7   Thumb Code     0  startup_stm32f401xc.o(.text)
    DMA2_Stream0_IRQHandler                  0x080001c7   Thumb Code     0  startup_stm32f401xc.o(.text)
    DMA2_Stream1_IRQHandler                  0x080001c7   Thumb Code     0  startup_stm32f401xc.o(.text)
    DMA2_Stream2_IRQHandler                  0x080001c7   Thumb Code     0  startup_stm32f401xc.o(.text)
    DMA2_Stream3_IRQHandler                  0x080001c7   Thumb Code     0  startup_stm32f401xc.o(.text)
    DMA2_Stream4_IRQHandler                  0x080001c7   Thumb Code     0  startup_stm32f401xc.o(.text)
    DMA2_Stream5_IRQHandler                  0x080001c7   Thumb Code     0  startup_stm32f401xc.o(.text)
    DMA2_Stream6_IRQHandler                  0x080001c7   Thumb Code     0  startup_stm32f401xc.o(.text)
    DMA2_Stream7_IRQHandler                  0x080001c7   Thumb Code     0  startup_stm32f401xc.o(.text)
    EXTI15_10_IRQHandler                     0x080001c7   Thumb Code     0  startup_stm32f401xc.o(.text)
    EXTI1_IRQHandler                         0x080001c7   Thumb Code     0  startup_stm32f401xc.o(.text)
    EXTI2_IRQHandler                         0x080001c7   Thumb Code     0  startup_stm32f401xc.o(.text)
    EXTI3_IRQHandler                         0x080001c7   Thumb Code     0  startup_stm32f401xc.o(.text)
    EXTI9_5_IRQHandler                       0x080001c7   Thumb Code     0  startup_stm32f401xc.o(.text)
    FLASH_IRQHandler                         0x080001c7   Thumb Code     0  startup_stm32f401xc.o(.text)
    FPU_IRQHandler                           0x080001c7   Thumb Code     0  startup_stm32f401xc.o(.text)
    I2C1_ER_IRQHandler                       0x080001c7   Thumb Code     0  startup_stm32f401xc.o(.text)
    I2C1_EV_IRQHandler                       0x080001c7   Thumb Code     0  startup_stm32f401xc.o(.text)
    I2C2_ER_IRQHandler                       0x080001c7   Thumb Code     0  startup_stm32f401xc.o(.text)
    I2C2_EV_IRQHandler                       0x080001c7   Thumb Code     0  startup_stm32f401xc.o(.text)
    I2C3_ER_IRQHandler                       0x080001c7   Thumb Code     0  startup_stm32f401xc.o(.text)
    I2C3_EV_IRQHandler                       0x080001c7   Thumb Code     0  startup_stm32f401xc.o(.text)
    OTG_FS_WKUP_IRQHandler                   0x080001c7   Thumb Code     0  startup_stm32f401xc.o(.text)
    PVD_IRQHandler                           0x080001c7   Thumb Code     0  startup_stm32f401xc.o(.text)
    RCC_IRQHandler                           0x080001c7   Thumb Code     0  startup_stm32f401xc.o(.text)
    RTC_Alarm_IRQHandler                     0x080001c7   Thumb Code     0  startup_stm32f401xc.o(.text)
    RTC_WKUP_IRQHandler                      0x080001c7   Thumb Code     0  startup_stm32f401xc.o(.text)
    SDIO_IRQHandler                          0x080001c7   Thumb Code     0  startup_stm32f401xc.o(.text)
    SPI1_IRQHandler                          0x080001c7   Thumb Code     0  startup_stm32f401xc.o(.text)
    SPI2_IRQHandler                          0x080001c7   Thumb Code     0  startup_stm32f401xc.o(.text)
    SPI3_IRQHandler                          0x080001c7   Thumb Code     0  startup_stm32f401xc.o(.text)
    SPI4_IRQHandler                          0x080001c7   Thumb Code     0  startup_stm32f401xc.o(.text)
    TAMP_STAMP_IRQHandler                    0x080001c7   Thumb Code     0  startup_stm32f401xc.o(.text)
    TIM1_BRK_TIM9_IRQHandler                 0x080001c7   Thumb Code     0  startup_stm32f401xc.o(.text)
    TIM1_CC_IRQHandler                       0x080001c7   Thumb Code     0  startup_stm32f401xc.o(.text)
    TIM1_TRG_COM_TIM11_IRQHandler            0x080001c7   Thumb Code     0  startup_stm32f401xc.o(.text)
    TIM1_UP_TIM10_IRQHandler                 0x080001c7   Thumb Code     0  startup_stm32f401xc.o(.text)
    TIM2_IRQHandler                          0x080001c7   Thumb Code     0  startup_stm32f401xc.o(.text)
    TIM3_IRQHandler                          0x080001c7   Thumb Code     0  startup_stm32f401xc.o(.text)
    TIM5_IRQHandler                          0x080001c7   Thumb Code     0  startup_stm32f401xc.o(.text)
    USART1_IRQHandler                        0x080001c7   Thumb Code     0  startup_stm32f401xc.o(.text)
    USART2_IRQHandler                        0x080001c7   Thumb Code     0  startup_stm32f401xc.o(.text)
    USART6_IRQHandler                        0x080001c7   Thumb Code     0  startup_stm32f401xc.o(.text)
    WWDG_IRQHandler                          0x080001c7   Thumb Code     0  startup_stm32f401xc.o(.text)
    __aeabi_ldivmod                          0x080001d1   Thumb Code    98  ldiv.o(.text)
    __aeabi_memcpy                           0x08000233   Thumb Code    36  memcpya.o(.text)
    __aeabi_memcpy4                          0x08000233   Thumb Code     0  memcpya.o(.text)
    __aeabi_memcpy8                          0x08000233   Thumb Code     0  memcpya.o(.text)
    __aeabi_memset                           0x08000257   Thumb Code    14  memseta.o(.text)
    __aeabi_memset4                          0x08000257   Thumb Code     0  memseta.o(.text)
    __aeabi_memset8                          0x08000257   Thumb Code     0  memseta.o(.text)
    __aeabi_memclr                           0x08000265   Thumb Code     4  memseta.o(.text)
    __aeabi_memclr4                          0x08000265   Thumb Code     0  memseta.o(.text)
    __aeabi_memclr8                          0x08000265   Thumb Code     0  memseta.o(.text)
    _memset$wrapper                          0x08000269   Thumb Code    18  memseta.o(.text)
    __aeabi_uidiv                            0x0800027b   Thumb Code     0  uidiv.o(.text)
    __aeabi_uidivmod                         0x0800027b   Thumb Code    44  uidiv.o(.text)
    __aeabi_uldivmod                         0x080002a7   Thumb Code    98  uldiv.o(.text)
    __aeabi_llsl                             0x08000309   Thumb Code    30  llshl.o(.text)
    _ll_shift_l                              0x08000309   Thumb Code     0  llshl.o(.text)
    __aeabi_llsr                             0x08000327   Thumb Code    32  llushr.o(.text)
    _ll_ushift_r                             0x08000327   Thumb Code     0  llushr.o(.text)
    __scatterload                            0x08000349   Thumb Code    28  init.o(.text)
    __scatterload_rt2                        0x08000349   Thumb Code     0  init.o(.text)
    AUDIO_IO_Init                            0x0800036d   Thumb Code    96  stm32f401_discovery.o(i.AUDIO_IO_Init)
    AUDIO_IO_Read                            0x080003d5   Thumb Code    16  stm32f401_discovery.o(i.AUDIO_IO_Read)
    AUDIO_IO_Write                           0x080003e5   Thumb Code    20  stm32f401_discovery.o(i.AUDIO_IO_Write)
    BSP_ACCELERO_Click_ITConfig              0x080003f9   Thumb Code    20  stm32f401_discovery_accelerometer.o(i.BSP_ACCELERO_Click_ITConfig)
    BSP_ACCELERO_Init                        0x08000411   Thumb Code   188  stm32f401_discovery_accelerometer.o(i.BSP_ACCELERO_Init)
    BSP_AUDIO_IN_Error_Callback              0x080004d5   Thumb Code     2  stm32f401_discovery_audio.o(i.BSP_AUDIO_IN_Error_Callback)
    BSP_AUDIO_OUT_ChangeBuffer               0x080004d9   Thumb Code    18  stm32f401_discovery_audio.o(i.BSP_AUDIO_OUT_ChangeBuffer)
    BSP_AUDIO_OUT_Error_CallBack             0x080004f1   Thumb Code     4  waveplayer.o(i.BSP_AUDIO_OUT_Error_CallBack)
    BSP_AUDIO_OUT_HalfTransfer_CallBack      0x080004f5   Thumb Code     8  waveplayer.o(i.BSP_AUDIO_OUT_HalfTransfer_CallBack)
    BSP_AUDIO_OUT_Init                       0x08000501   Thumb Code   132  stm32f401_discovery_audio.o(i.BSP_AUDIO_OUT_Init)
    BSP_AUDIO_OUT_Play                       0x0800058d   Thumb Code    58  stm32f401_discovery_audio.o(i.BSP_AUDIO_OUT_Play)
    BSP_AUDIO_OUT_Resume                     0x080005d1   Thumb Code    28  stm32f401_discovery_audio.o(i.BSP_AUDIO_OUT_Resume)
    BSP_AUDIO_OUT_Stop                       0x080005f5   Thumb Code    52  stm32f401_discovery_audio.o(i.BSP_AUDIO_OUT_Stop)
    BSP_AUDIO_OUT_TransferComplete_CallBack  0x08000635   Thumb Code    18  waveplayer.o(i.BSP_AUDIO_OUT_TransferComplete_CallBack)
    BSP_LED_Init                             0x08000651   Thumb Code   188  stm32f401_discovery.o(i.BSP_LED_Init)
    BSP_LED_Off                              0x08000719   Thumb Code    24  stm32f401_discovery.o(i.BSP_LED_Off)
    BSP_LED_On                               0x08000739   Thumb Code    24  stm32f401_discovery.o(i.BSP_LED_On)
    BSP_PB_Init                              0x08000759   Thumb Code   134  stm32f401_discovery.o(i.BSP_PB_Init)
    BusFault_Handler                         0x080007f5   Thumb Code     4  stm32f4xx_it.o(i.BusFault_Handler)
    COMPASSACCELERO_IO_ITConfig              0x08000815   Thumb Code    76  stm32f401_discovery.o(i.COMPASSACCELERO_IO_ITConfig)
    COMPASSACCELERO_IO_Init                  0x0800086d   Thumb Code    62  stm32f401_discovery.o(i.COMPASSACCELERO_IO_Init)
    COMPASSACCELERO_IO_Read                  0x080008b5   Thumb Code    16  stm32f401_discovery.o(i.COMPASSACCELERO_IO_Read)
    COMPASSACCELERO_IO_Write                 0x080008c5   Thumb Code    20  stm32f401_discovery.o(i.COMPASSACCELERO_IO_Write)
    DMA1_Stream3_IRQHandler                  0x080008d9   Thumb Code    12  stm32f4xx_it.o(i.DMA1_Stream3_IRQHandler)
    DMA1_Stream7_IRQHandler                  0x080008e9   Thumb Code    12  stm32f4xx_it.o(i.DMA1_Stream7_IRQHandler)
    DebugMon_Handler                         0x08000977   Thumb Code     2  stm32f4xx_it.o(i.DebugMon_Handler)
    EXTI0_IRQHandler                         0x08000979   Thumb Code    10  stm32f4xx_it.o(i.EXTI0_IRQHandler)
    EXTI4_IRQHandler                         0x08000983   Thumb Code    10  stm32f4xx_it.o(i.EXTI4_IRQHandler)
    Error_Handler                            0x0800098d   Thumb Code    10  main.o(i.Error_Handler)
    FATFS_LinkDriver                         0x08000999   Thumb Code    70  ff_gen_drv.o(i.FATFS_LinkDriver)
    HAL_DMA_Abort                            0x080009e5   Thumb Code    94  stm32f4xx_hal_dma.o(i.HAL_DMA_Abort)
    HAL_DMA_DeInit                           0x08000a45   Thumb Code  3932  stm32f4xx_hal_dma.o(i.HAL_DMA_DeInit)
    HAL_DMA_IRQHandler                       0x080019a9   Thumb Code  9776  stm32f4xx_hal_dma.o(i.HAL_DMA_IRQHandler)
    HAL_DMA_Init                             0x08003fe1   Thumb Code   120  stm32f4xx_hal_dma.o(i.HAL_DMA_Init)
    HAL_DMA_Start_IT                         0x0800405d   Thumb Code   142  stm32f4xx_hal_dma.o(i.HAL_DMA_Start_IT)
    HAL_Delay                                0x080040eb   Thumb Code    26  stm32f4xx_hal.o(i.HAL_Delay)
    HAL_GPIO_EXTI_Callback                   0x08004105   Thumb Code    52  main.o(i.HAL_GPIO_EXTI_Callback)
    HAL_GPIO_EXTI_IRQHandler                 0x08004141   Thumb Code    24  stm32f4xx_hal_gpio.o(i.HAL_GPIO_EXTI_IRQHandler)
    HAL_GPIO_Init                            0x0800415d   Thumb Code   432  stm32f4xx_hal_gpio.o(i.HAL_GPIO_Init)
    HAL_GPIO_WritePin                        0x0800432d   Thumb Code    12  stm32f4xx_hal_gpio.o(i.HAL_GPIO_WritePin)
    HAL_GetTick                              0x08004339   Thumb Code     6  stm32f4xx_hal.o(i.HAL_GetTick)
    HAL_HCD_Connect_Callback                 0x08004345   Thumb Code    14  usbh_conf.o(i.HAL_HCD_Connect_Callback)
    HAL_HCD_Disconnect_Callback              0x08004353   Thumb Code    14  usbh_conf.o(i.HAL_HCD_Disconnect_Callback)
    HAL_HCD_GetCurrentFrame                  0x08004361   Thumb Code    12  stm32f4xx_hal_hcd.o(i.HAL_HCD_GetCurrentFrame)
    HAL_HCD_GetCurrentSpeed                  0x0800436d   Thumb Code    12  stm32f4xx_hal_hcd.o(i.HAL_HCD_GetCurrentSpeed)
    HAL_HCD_HC_GetURBState                   0x08004379   Thumb Code    20  stm32f4xx_hal_hcd.o(i.HAL_HCD_HC_GetURBState)
    HAL_HCD_HC_GetXferCount                  0x0800438d   Thumb Code    18  stm32f4xx_hal_hcd.o(i.HAL_HCD_HC_GetXferCount)
    HAL_HCD_HC_Halt                          0x0800439f   Thumb Code    52  stm32f4xx_hal_hcd.o(i.HAL_HCD_HC_Halt)
    HAL_HCD_HC_Init                          0x080043d3   Thumb Code   186  stm32f4xx_hal_hcd.o(i.HAL_HCD_HC_Init)
    HAL_HCD_HC_NotifyURBChange_Callback      0x0800448d   Thumb Code     2  usbh_conf.o(i.HAL_HCD_HC_NotifyURBChange_Callback)
    HAL_HCD_HC_SubmitRequest                 0x0800448f   Thumb Code   616  stm32f4xx_hal_hcd.o(i.HAL_HCD_HC_SubmitRequest)
    HAL_HCD_IRQHandler                       0x080046f7   Thumb Code   358  stm32f4xx_hal_hcd.o(i.HAL_HCD_IRQHandler)
    HAL_HCD_Init                             0x0800485d   Thumb Code    90  stm32f4xx_hal_hcd.o(i.HAL_HCD_Init)
    HAL_HCD_MspInit                          0x080048b9   Thumb Code   224  usbh_conf.o(i.HAL_HCD_MspInit)
    HAL_HCD_ResetPort                        0x080049a5   Thumb Code    12  stm32f4xx_hal_hcd.o(i.HAL_HCD_ResetPort)
    HAL_HCD_SOF_Callback                     0x080049b1   Thumb Code    14  usbh_conf.o(i.HAL_HCD_SOF_Callback)
    HAL_HCD_Start                            0x080049bf   Thumb Code    54  stm32f4xx_hal_hcd.o(i.HAL_HCD_Start)
    HAL_HCD_Stop                             0x080049f5   Thumb Code    46  stm32f4xx_hal_hcd.o(i.HAL_HCD_Stop)
    HAL_I2C_DeInit                           0x08004a23   Thumb Code    54  stm32f4xx_hal_i2c.o(i.HAL_I2C_DeInit)
    HAL_I2C_GetState                         0x08004a59   Thumb Code     8  stm32f4xx_hal_i2c.o(i.HAL_I2C_GetState)
    HAL_I2C_Init                             0x08004a61   Thumb Code   278  stm32f4xx_hal_i2c.o(i.HAL_I2C_Init)
    HAL_I2C_Mem_Read                         0x08004b81   Thumb Code   560  stm32f4xx_hal_i2c.o(i.HAL_I2C_Mem_Read)
    HAL_I2C_Mem_Write                        0x08004db9   Thumb Code   262  stm32f4xx_hal_i2c.o(i.HAL_I2C_Mem_Write)
    HAL_I2C_MspDeInit                        0x08004ec9   Thumb Code     2  stm32f4xx_hal_i2c.o(i.HAL_I2C_MspDeInit)
    HAL_I2C_MspInit                          0x08004ecb   Thumb Code     2  stm32f4xx_hal_i2c.o(i.HAL_I2C_MspInit)
    HAL_I2S_DMAResume                        0x08004ecd   Thumb Code   230  stm32f4xx_hal_i2s_ex.o(i.HAL_I2S_DMAResume)
    HAL_I2S_DMAStop                          0x08004fbd   Thumb Code   234  stm32f4xx_hal_i2s_ex.o(i.HAL_I2S_DMAStop)
    HAL_I2S_ErrorCallback                    0x080050b1   Thumb Code    30  stm32f401_discovery_audio.o(i.HAL_I2S_ErrorCallback)
    HAL_I2S_GetState                         0x080050d9   Thumb Code     8  stm32f4xx_hal_i2s.o(i.HAL_I2S_GetState)
    HAL_I2S_Init                             0x080050e1   Thumb Code   390  stm32f4xx_hal_i2s_ex.o(i.HAL_I2S_Init)
    HAL_I2S_MspInit                          0x08005271   Thumb Code     2  stm32f4xx_hal_i2s.o(i.HAL_I2S_MspInit)
    HAL_I2S_Transmit_DMA                     0x08005275   Thumb Code   224  stm32f4xx_hal_i2s.o(i.HAL_I2S_Transmit_DMA)
    HAL_I2S_TxCpltCallback                   0x08005361   Thumb Code    18  stm32f401_discovery_audio.o(i.HAL_I2S_TxCpltCallback)
    HAL_I2S_TxHalfCpltCallback               0x08005379   Thumb Code    18  stm32f401_discovery_audio.o(i.HAL_I2S_TxHalfCpltCallback)
    HAL_IncTick                              0x08005391   Thumb Code    12  stm32f4xx_hal.o(i.HAL_IncTick)
    HAL_Init                                 0x080053a1   Thumb Code    54  stm32f4xx_hal.o(i.HAL_Init)
    HAL_InitTick                             0x080053dd   Thumb Code    36  stm32f4xx_hal.o(i.HAL_InitTick)
    HAL_MspInit                              0x08005401   Thumb Code     2  stm32f4xx_hal.o(i.HAL_MspInit)
    HAL_NVIC_EnableIRQ                       0x08005403   Thumb Code    26  stm32f4xx_hal_cortex.o(i.HAL_NVIC_EnableIRQ)
    HAL_NVIC_SetPriority                     0x0800541d   Thumb Code   124  stm32f4xx_hal_cortex.o(i.HAL_NVIC_SetPriority)
    HAL_NVIC_SetPriorityGrouping             0x08005499   Thumb Code    32  stm32f4xx_hal_cortex.o(i.HAL_NVIC_SetPriorityGrouping)
    HAL_RCCEx_GetPeriphCLKConfig             0x080054c1   Thumb Code    76  stm32f4xx_hal_rcc_ex.o(i.HAL_RCCEx_GetPeriphCLKConfig)
    HAL_RCCEx_PeriphCLKConfig                0x08005511   Thumb Code   402  stm32f4xx_hal_rcc_ex.o(i.HAL_RCCEx_PeriphCLKConfig)
    HAL_RCC_ClockConfig                      0x080056b9   Thumb Code   680  stm32f4xx_hal_rcc.o(i.HAL_RCC_ClockConfig)
    HAL_RCC_GetHCLKFreq                      0x08005969   Thumb Code    42  stm32f4xx_hal_rcc.o(i.HAL_RCC_GetHCLKFreq)
    HAL_RCC_GetPCLK1Freq                     0x080059a1   Thumb Code    36  stm32f4xx_hal_rcc.o(i.HAL_RCC_GetPCLK1Freq)
    HAL_RCC_GetSysClockFreq                  0x080059cd   Thumb Code   168  stm32f4xx_hal_rcc.o(i.HAL_RCC_GetSysClockFreq)
    HAL_RCC_OscConfig                        0x08005a81   Thumb Code  1028  stm32f4xx_hal_rcc.o(i.HAL_RCC_OscConfig)
    HAL_SYSTICK_Config                       0x08005e85   Thumb Code    52  stm32f4xx_hal_cortex.o(i.HAL_SYSTICK_Config)
    HAL_TIMEx_BreakCallback                  0x08005eb9   Thumb Code     2  stm32f4xx_hal_tim_ex.o(i.HAL_TIMEx_BreakCallback)
    HAL_TIMEx_CommutationCallback            0x08005ebb   Thumb Code     2  stm32f4xx_hal_tim_ex.o(i.HAL_TIMEx_CommutationCallback)
    HAL_TIM_Base_Init                        0x08005ebd   Thumb Code    52  stm32f4xx_hal_tim.o(i.HAL_TIM_Base_Init)
    HAL_TIM_Base_MspInit                     0x08005ef1   Thumb Code     2  stm32f4xx_hal_tim.o(i.HAL_TIM_Base_MspInit)
    HAL_TIM_Base_Start                       0x08005ef3   Thumb Code    30  stm32f4xx_hal_tim.o(i.HAL_TIM_Base_Start)
    HAL_TIM_IC_CaptureCallback               0x08005f11   Thumb Code     2  stm32f4xx_hal_tim.o(i.HAL_TIM_IC_CaptureCallback)
    HAL_TIM_IRQHandler                       0x08005f13   Thumb Code   406  stm32f4xx_hal_tim.o(i.HAL_TIM_IRQHandler)
    HAL_TIM_OC_ConfigChannel                 0x080060a9   Thumb Code   116  stm32f4xx_hal_tim.o(i.HAL_TIM_OC_ConfigChannel)
    HAL_TIM_OC_DelayElapsedCallback          0x0800611d   Thumb Code    28  main.o(i.HAL_TIM_OC_DelayElapsedCallback)
    HAL_TIM_OC_Init                          0x0800613d   Thumb Code    52  stm32f4xx_hal_tim.o(i.HAL_TIM_OC_Init)
    HAL_TIM_OC_MspInit                       0x08006171   Thumb Code     2  stm32f4xx_hal_tim.o(i.HAL_TIM_OC_MspInit)
    HAL_TIM_OC_Start_IT                      0x08006175   Thumb Code   136  stm32f4xx_hal_tim.o(i.HAL_TIM_OC_Start_IT)
    HAL_TIM_PWM_PulseFinishedCallback        0x08006201   Thumb Code     2  stm32f4xx_hal_tim.o(i.HAL_TIM_PWM_PulseFinishedCallback)
    HAL_TIM_PeriodElapsedCallback            0x08006203   Thumb Code     2  stm32f4xx_hal_tim.o(i.HAL_TIM_PeriodElapsedCallback)
    HAL_TIM_ReadCapturedValue                0x08006205   Thumb Code    84  stm32f4xx_hal_tim.o(i.HAL_TIM_ReadCapturedValue)
    HAL_TIM_TriggerCallback                  0x08006259   Thumb Code     2  stm32f4xx_hal_tim.o(i.HAL_TIM_TriggerCallback)
    HardFault_Handler                        0x08006e69   Thumb Code     4  stm32f4xx_it.o(i.HardFault_Handler)
    I2S_DMAError                             0x080074e5   Thumb Code    34  stm32f4xx_hal_i2s.o(i.I2S_DMAError)
    I2S_DMATxCplt                            0x08007509   Thumb Code   112  stm32f4xx_hal_i2s_ex.o(i.I2S_DMATxCplt)
    I2S_DMATxHalfCplt                        0x08007581   Thumb Code    14  stm32f4xx_hal_i2s.o(i.I2S_DMATxHalfCplt)
    I2S_GetInputClock                        0x08007591   Thumb Code    98  stm32f4xx_hal_i2s_ex.o(i.I2S_GetInputClock)
    LSM303DLHC_AccClickITEnable              0x08007609   Thumb Code    76  lsm303dlhc.o(i.LSM303DLHC_AccClickITEnable)
    LSM303DLHC_AccFilterClickCmd             0x08007655   Thumb Code    34  lsm303dlhc.o(i.LSM303DLHC_AccFilterClickCmd)
    LSM303DLHC_AccFilterCmd                  0x08007677   Thumb Code    32  lsm303dlhc.o(i.LSM303DLHC_AccFilterCmd)
    LSM303DLHC_AccFilterConfig               0x08007697   Thumb Code    32  lsm303dlhc.o(i.LSM303DLHC_AccFilterConfig)
    LSM303DLHC_AccIT1Enable                  0x080076b7   Thumb Code    30  lsm303dlhc.o(i.LSM303DLHC_AccIT1Enable)
    LSM303DLHC_AccInit                       0x080076d5   Thumb Code    38  lsm303dlhc.o(i.LSM303DLHC_AccInit)
    LSM303DLHC_AccReadID                     0x080076fb   Thumb Code    22  lsm303dlhc.o(i.LSM303DLHC_AccReadID)
    LSM303DLHC_AccReadXYZ                    0x08007711   Thumb Code   282  lsm303dlhc.o(i.LSM303DLHC_AccReadXYZ)
    LSM303DLHC_AccRebootCmd                  0x0800782b   Thumb Code    28  lsm303dlhc.o(i.LSM303DLHC_AccRebootCmd)
    LSM303DLHC_AccZClickITConfig             0x08007847   Thumb Code    26  lsm303dlhc.o(i.LSM303DLHC_AccZClickITConfig)
    MemManage_Handler                        0x08007861   Thumb Code     4  stm32f4xx_it.o(i.MemManage_Handler)
    NMI_Handler                              0x08007865   Thumb Code     2  stm32f4xx_it.o(i.NMI_Handler)
    OTG_FS_IRQHandler                        0x080078a1   Thumb Code    10  stm32f4xx_it.o(i.OTG_FS_IRQHandler)
    PendSV_Handler                           0x080078b1   Thumb Code     2  stm32f4xx_it.o(i.PendSV_Handler)
    SVC_Handler                              0x080078b3   Thumb Code     2  stm32f4xx_it.o(i.SVC_Handler)
    SysTick_Handler                          0x080078b5   Thumb Code     8  stm32f4xx_it.o(i.SysTick_Handler)
    SystemInit                               0x08007959   Thumb Code    82  system_stm32f4xx.o(i.SystemInit)
    TIM4_IRQHandler                          0x080079bd   Thumb Code    10  stm32f4xx_it.o(i.TIM4_IRQHandler)
    TIM_Base_SetConfig                       0x080079cd   Thumb Code   148  stm32f4xx_hal_tim.o(i.TIM_Base_SetConfig)
    TIM_CCxChannelCmd                        0x08007a7d   Thumb Code    28  stm32f4xx_hal_tim.o(i.TIM_CCxChannelCmd)
    TIM_OC2_SetConfig                        0x08007bb9   Thumb Code   106  stm32f4xx_hal_tim.o(i.TIM_OC2_SetConfig)
    TickTock_Init                            0x08007ced   Thumb Code    70  utils.o(i.TickTock_Init)
    TickTock_Start                           0x08007d41   Thumb Code    10  utils.o(i.TickTock_Start)
    TickTock_Stop                            0x08007d51   Thumb Code    18  utils.o(i.TickTock_Stop)
    USBH_AllocPipe                           0x08007d85   Thumb Code    38  usbh_pipes.o(i.USBH_AllocPipe)
    USBH_BulkReceiveData                     0x08007dab   Thumb Code    42  usbh_ioreq.o(i.USBH_BulkReceiveData)
    USBH_BulkSendData                        0x08007dd5   Thumb Code    52  usbh_ioreq.o(i.USBH_BulkSendData)
    USBH_ClosePipe                           0x08007e09   Thumb Code    18  usbh_pipes.o(i.USBH_ClosePipe)
    USBH_ClrFeature                          0x08007e1b   Thumb Code    40  usbh_ctlreq.o(i.USBH_ClrFeature)
    USBH_CtlReceiveData                      0x08007e43   Thumb Code    42  usbh_ioreq.o(i.USBH_CtlReceiveData)
    USBH_CtlReq                              0x08007e6d   Thumb Code    84  usbh_ctlreq.o(i.USBH_CtlReq)
    USBH_CtlSendData                         0x08007ec1   Thumb Code    52  usbh_ioreq.o(i.USBH_CtlSendData)
    USBH_CtlSendSetup                        0x08007ef5   Thumb Code    38  usbh_ioreq.o(i.USBH_CtlSendSetup)
    USBH_Delay                               0x08007f1b   Thumb Code    12  usbh_conf.o(i.USBH_Delay)
    USBH_FindInterface                       0x08007f27   Thumb Code    80  usbh_core.o(i.USBH_FindInterface)
    USBH_FreePipe                            0x08007f77   Thumb Code    30  usbh_pipes.o(i.USBH_FreePipe)
    USBH_GetDescriptor                       0x08007f95   Thumb Code    74  usbh_ctlreq.o(i.USBH_GetDescriptor)
    USBH_GetNextDesc                         0x08008007   Thumb Code    18  usbh_ctlreq.o(i.USBH_GetNextDesc)
    USBH_Get_CfgDesc                         0x08008019   Thumb Code    46  usbh_ctlreq.o(i.USBH_Get_CfgDesc)
    USBH_Get_DevDesc                         0x08008047   Thumb Code    46  usbh_ctlreq.o(i.USBH_Get_DevDesc)
    USBH_Get_StringDesc                      0x08008075   Thumb Code    54  usbh_ctlreq.o(i.USBH_Get_StringDesc)
    USBH_Init                                0x080083df   Thumb Code    50  usbh_core.o(i.USBH_Init)
    USBH_LL_ClosePipe                        0x08008411   Thumb Code    20  usbh_conf.o(i.USBH_LL_ClosePipe)
    USBH_LL_Connect                          0x08008425   Thumb Code    46  usbh_core.o(i.USBH_LL_Connect)
    USBH_LL_Disconnect                       0x08008453   Thumb Code    62  usbh_core.o(i.USBH_LL_Disconnect)
    USBH_LL_DriverVBUS                       0x08008491   Thumb Code    40  usbh_conf.o(i.USBH_LL_DriverVBUS)
    USBH_LL_GetLastXferSize                  0x080084bd   Thumb Code    18  usbh_conf.o(i.USBH_LL_GetLastXferSize)
    USBH_LL_GetSpeed                         0x080084cf   Thumb Code    48  usbh_conf.o(i.USBH_LL_GetSpeed)
    USBH_LL_GetToggle                        0x08008501   Thumb Code    48  usbh_conf.o(i.USBH_LL_GetToggle)
    USBH_LL_GetURBState                      0x08008535   Thumb Code    18  usbh_conf.o(i.USBH_LL_GetURBState)
    USBH_LL_IncTimer                         0x08008547   Thumb Code    22  usbh_core.o(i.USBH_LL_IncTimer)
    USBH_LL_Init                             0x0800855d   Thumb Code    78  usbh_conf.o(i.USBH_LL_Init)
    USBH_LL_OpenPipe                         0x080085b1   Thumb Code    44  usbh_conf.o(i.USBH_LL_OpenPipe)
    USBH_LL_ResetPort                        0x080085dd   Thumb Code    16  usbh_conf.o(i.USBH_LL_ResetPort)
    USBH_LL_SetTimer                         0x080085ed   Thumb Code     6  usbh_core.o(i.USBH_LL_SetTimer)
    USBH_LL_SetToggle                        0x080085f5   Thumb Code    48  usbh_conf.o(i.USBH_LL_SetToggle)
    USBH_LL_Start                            0x08008629   Thumb Code    16  usbh_conf.o(i.USBH_LL_Start)
    USBH_LL_Stop                             0x08008639   Thumb Code    16  usbh_conf.o(i.USBH_LL_Stop)
    USBH_LL_SubmitURB                        0x08008649   Thumb Code    46  usbh_conf.o(i.USBH_LL_SubmitURB)
    USBH_MSC_BOT_Init                        0x080086b5   Thumb Code    30  usbh_msc_bot.o(i.USBH_MSC_BOT_Init)
    USBH_MSC_BOT_Process                     0x080086dd   Thumb Code   622  usbh_msc_bot.o(i.USBH_MSC_BOT_Process)
    USBH_MSC_BOT_REQ_GetMaxLUN               0x0800894b   Thumb Code    36  usbh_msc_bot.o(i.USBH_MSC_BOT_REQ_GetMaxLUN)
    USBH_MSC_BOT_REQ_Reset                   0x0800896f   Thumb Code    32  usbh_msc_bot.o(i.USBH_MSC_BOT_REQ_Reset)
    USBH_MSC_GetLUNInfo                      0x08008a75   Thumb Code    56  usbh_msc.o(i.USBH_MSC_GetLUNInfo)
    USBH_MSC_Read                            0x0800928d   Thumb Code   154  usbh_msc.o(i.USBH_MSC_Read)
    USBH_MSC_SCSI_Inquiry                    0x08009327   Thumb Code   242  usbh_msc_scsi.o(i.USBH_MSC_SCSI_Inquiry)
    USBH_MSC_SCSI_Read                       0x08009419   Thumb Code   162  usbh_msc_scsi.o(i.USBH_MSC_SCSI_Read)
    USBH_MSC_SCSI_ReadCapacity               0x080094bb   Thumb Code   168  usbh_msc_scsi.o(i.USBH_MSC_SCSI_ReadCapacity)
    USBH_MSC_SCSI_RequestSense               0x08009563   Thumb Code   178  usbh_msc_scsi.o(i.USBH_MSC_SCSI_RequestSense)
    USBH_MSC_SCSI_TestUnitReady              0x08009615   Thumb Code    98  usbh_msc_scsi.o(i.USBH_MSC_SCSI_TestUnitReady)
    USBH_MSC_SCSI_Write                      0x08009677   Thumb Code   162  usbh_msc_scsi.o(i.USBH_MSC_SCSI_Write)
    USBH_MSC_UnitIsReady                     0x0800971f   Thumb Code    48  usbh_msc.o(i.USBH_MSC_UnitIsReady)
    USBH_MSC_Write                           0x0800974f   Thumb Code   154  usbh_msc.o(i.USBH_MSC_Write)
    USBH_OpenPipe                            0x080097e9   Thumb Code    42  usbh_pipes.o(i.USBH_OpenPipe)
    USBH_Process                             0x080099c1   Thumb Code   428  usbh_core.o(i.USBH_Process)
    USBH_RegisterClass                       0x08009b6d   Thumb Code    42  usbh_core.o(i.USBH_RegisterClass)
    USBH_SelectInterface                     0x08009b97   Thumb Code    22  usbh_core.o(i.USBH_SelectInterface)
    USBH_SetAddress                          0x08009bad   Thumb Code    40  usbh_ctlreq.o(i.USBH_SetAddress)
    USBH_SetCfg                              0x08009bd5   Thumb Code    40  usbh_ctlreq.o(i.USBH_SetCfg)
    USBH_Start                               0x08009bfd   Thumb Code    22  usbh_core.o(i.USBH_Start)
    USBH_initialize                          0x08009c3b   Thumb Code     4  usbh_diskio.o(i.USBH_initialize)
    USBH_ioctl                               0x08009c41   Thumb Code   118  usbh_diskio.o(i.USBH_ioctl)
    USBH_read                                0x08009cbd   Thumb Code   160  usbh_diskio.o(i.USBH_read)
    USBH_status                              0x08009d61   Thumb Code    24  usbh_diskio.o(i.USBH_status)
    USBH_write                               0x08009d7d   Thumb Code   166  usbh_diskio.o(i.USBH_write)
    USB_CoreInit                             0x08009e29   Thumb Code   108  stm32f4xx_ll_usb.o(i.USB_CoreInit)
    USB_DisableGlobalInt                     0x08009ee5   Thumb Code    14  stm32f4xx_ll_usb.o(i.USB_DisableGlobalInt)
    USB_DoPing                               0x08009ef5   Thumb Code    78  stm32f4xx_ll_usb.o(i.USB_DoPing)
    USB_DriveVbus                            0x08009f49   Thumb Code    68  stm32f4xx_ll_usb.o(i.USB_DriveVbus)
    USB_EnableGlobalInt                      0x08009f8d   Thumb Code    14  stm32f4xx_ll_usb.o(i.USB_EnableGlobalInt)
    USB_FlushRxFifo                          0x08009f9d   Thumb Code    38  stm32f4xx_ll_usb.o(i.USB_FlushRxFifo)
    USB_FlushTxFifo                          0x08009fc9   Thumb Code    44  stm32f4xx_ll_usb.o(i.USB_FlushTxFifo)
    USB_GetCurrentFrame                      0x08009ff9   Thumb Code    12  stm32f4xx_ll_usb.o(i.USB_GetCurrentFrame)
    USB_GetHostSpeed                         0x0800a005   Thumb Code    18  stm32f4xx_ll_usb.o(i.USB_GetHostSpeed)
    USB_GetMode                              0x0800a017   Thumb Code    10  stm32f4xx_ll_usb.o(i.USB_GetMode)
    USB_HC_Halt                              0x0800a021   Thumb Code   376  stm32f4xx_ll_usb.o(i.USB_HC_Halt)
    USB_HC_Init                              0x0800a199   Thumb Code   392  stm32f4xx_ll_usb.o(i.USB_HC_Init)
    USB_HC_ReadInterrupt                     0x0800a321   Thumb Code    12  stm32f4xx_ll_usb.o(i.USB_HC_ReadInterrupt)
    USB_HC_StartXfer                         0x0800a32d   Thumb Code   396  stm32f4xx_ll_usb.o(i.USB_HC_StartXfer)
    USB_HostInit                             0x0800a4bd   Thumb Code   214  stm32f4xx_ll_usb.o(i.USB_HostInit)
    USB_InitFSLSPClkSel                      0x0800a5a9   Thumb Code    62  stm32f4xx_ll_usb.o(i.USB_InitFSLSPClkSel)
    USB_ReadInterrupts                       0x0800a5e7   Thumb Code    12  stm32f4xx_ll_usb.o(i.USB_ReadInterrupts)
    USB_ReadPacket                           0x0800a5f3   Thumb Code    40  stm32f4xx_ll_usb.o(i.USB_ReadPacket)
    USB_ResetPort                            0x0800a61b   Thumb Code    48  stm32f4xx_ll_usb.o(i.USB_ResetPort)
    USB_SetCurrentMode                       0x0800a64b   Thumb Code    48  stm32f4xx_ll_usb.o(i.USB_SetCurrentMode)
    USB_StopHost                             0x0800a67b   Thumb Code   174  stm32f4xx_ll_usb.o(i.USB_StopHost)
    USB_WritePacket                          0x0800a729   Thumb Code    58  stm32f4xx_ll_usb.o(i.USB_WritePacket)
    UsageFault_Handler                       0x0800a763   Thumb Code     4  stm32f4xx_it.o(i.UsageFault_Handler)
    WavePlayerStart                          0x0800a769   Thumb Code   166  waveplayer.o(i.WavePlayerStart)
    WaveRecord                               0x0800a81d   Thumb Code   138  waverecorder.o(i.WaveRecord)
    __0printf$1                              0x0800a8b9   Thumb Code    22  printf1.o(i.__0printf$1)
    __1printf$1                              0x0800a8b9   Thumb Code     0  printf1.o(i.__0printf$1)
    __2printf                                0x0800a8b9   Thumb Code     0  printf1.o(i.__0printf$1)
    __scatterload_copy                       0x0800a8d9   Thumb Code    14  handlers.o(i.__scatterload_copy)
    __scatterload_null                       0x0800a8e7   Thumb Code     2  handlers.o(i.__scatterload_null)
    __scatterload_zeroinit                   0x0800a8e9   Thumb Code    14  handlers.o(i.__scatterload_zeroinit)
    application_conect                       0x0800aa4d   Thumb Code     8  application.o(i.application_conect)
    application_disconect                    0x0800aa59   Thumb Code     8  application.o(i.application_disconect)
    application_init                         0x0800aa65   Thumb Code    26  application.o(i.application_init)
    application_task                         0x0800aa89   Thumb Code   324  application.o(i.application_task)
    arm_fir_init_q15                         0x0800ac25   Thumb Code    56  arm_fir_init_q15.o(i.arm_fir_init_q15)
    arm_fir_q15                              0x0800ac5d   Thumb Code  1278  arm_fir_q15.o(i.arm_fir_q15)
    arm_rms_q15                              0x0800b15b   Thumb Code   198  arm_rms_q15.o(i.arm_rms_q15)
    arm_sqrt_q15                             0x0800b221   Thumb Code   282  arm_sqrt_q15.o(i.arm_sqrt_q15)
    audioFilter_filter                       0x0800b349   Thumb Code    40  audiofilter.o(i.audioFilter_filter)
    audioFilter_filterSel                    0x0800b375   Thumb Code    32  audiofilter.o(i.audioFilter_filterSel)
    audioFilter_init                         0x0800b3a1   Thumb Code    10  audiofilter.o(i.audioFilter_init)
    clust2sect                               0x0800b519   Thumb Code    32  ff.o(i.clust2sect)
    cs43l22_Init                             0x0800b90d   Thumb Code   256  cs43l22.o(i.cs43l22_Init)
    cs43l22_Pause                            0x0800ba11   Thumb Code    32  cs43l22.o(i.cs43l22_Pause)
    cs43l22_Play                             0x0800ba31   Thumb Code    54  cs43l22.o(i.cs43l22_Play)
    cs43l22_ReadID                           0x0800ba6d   Thumb Code    18  cs43l22.o(i.cs43l22_ReadID)
    cs43l22_Resume                           0x0800ba81   Thumb Code    68  cs43l22.o(i.cs43l22_Resume)
    cs43l22_SetFrequency                     0x0800bac9   Thumb Code     6  cs43l22.o(i.cs43l22_SetFrequency)
    cs43l22_SetMute                          0x0800bad1   Thumb Code    44  cs43l22.o(i.cs43l22_SetMute)
    cs43l22_SetOutputMode                    0x0800bb01   Thumb Code   132  cs43l22.o(i.cs43l22_SetOutputMode)
    cs43l22_SetVolume                        0x0800bb89   Thumb Code   108  cs43l22.o(i.cs43l22_SetVolume)
    cs43l22_Stop                             0x0800bbf5   Thumb Code    40  cs43l22.o(i.cs43l22_Stop)
    disk_initialize                          0x0800c141   Thumb Code    34  diskio.o(i.disk_initialize)
    disk_ioctl                               0x0800c169   Thumb Code    32  diskio.o(i.disk_ioctl)
    disk_read                                0x0800c18d   Thumb Code    36  diskio.o(i.disk_read)
    disk_status                              0x0800c1b5   Thumb Code    20  diskio.o(i.disk_status)
    disk_write                               0x0800c1cd   Thumb Code    36  diskio.o(i.disk_write)
    f_close                                  0x0800c21d   Thumb Code    46  ff.o(i.f_close)
    f_mount                                  0x0800c24d   Thumb Code    96  ff.o(i.f_mount)
    f_open                                   0x0800c2b1   Thumb Code   476  ff.o(i.f_open)
    f_read                                   0x0800c48d   Thumb Code   496  ff.o(i.f_read)
    f_sync                                   0x0800c67d   Thumb Code   202  ff.o(i.f_sync)
    f_write                                  0x0800c747   Thumb Code   576  ff.o(i.f_write)
    ff_convert                               0x0800c989   Thumb Code    70  unicode.o(i.ff_convert)
    ff_memalloc                              0x0800c9d5   Thumb Code    12  syscall.o(i.ff_memalloc)
    ff_memfree                               0x0800c9e1   Thumb Code    12  syscall.o(i.ff_memfree)
    ff_wtoupper                              0x0800c9ed   Thumb Code    46  unicode.o(i.ff_wtoupper)
    fputc                                    0x0800cf0d   Thumb Code    50  fputc_debug.o(i.fputc)
    free                                     0x0800cf45   Thumb Code    76  malloc.o(i.free)
    getDataCB                                0x0800d045   Thumb Code   126  application.o(i.getDataCB)
    getDataSineCB                            0x0800d0d1   Thumb Code    70  application.o(i.getDataSineCB)
    get_fat                                  0x0800d121   Thumb Code   228  ff.o(i.get_fat)
    get_fattime                              0x0800d205   Thumb Code     4  diskio.o(i.get_fattime)
    main                                     0x0800d35d   Thumb Code   106  main.o(i.main)
    malloc                                   0x0800d3d9   Thumb Code    92  malloc.o(i.malloc)
    put_fat                                  0x0800d4cf   Thumb Code   310  ff.o(i.put_fat)
    filtro_pasa_banda                        0x0800d884   Data         400  filters.o(.constdata)
    GPIO_PIN                                 0x0800da14   Data           8  stm32f401_discovery.o(.constdata)
    BUTTON_PIN                               0x0800da1c   Data           2  stm32f401_discovery.o(.constdata)
    BUTTON_IRQn                              0x0800da1e   Data           1  stm32f401_discovery.o(.constdata)
    APBAHBPrescTable                         0x0800da1f   Data          16  stm32f4xx_hal_rcc.o(.constdata)
    Region$$Table$$Base                      0x0800dfb0   Number         0  anon$$obj.o(Region$$Table)
    Region$$Table$$Limit                     0x0800dfd0   Number         0  anon$$obj.o(Region$$Table)
    PressCount                               0x20000000   Data           4  main.o(.data)
    CCR1Val                                  0x20000004   Data           2  main.o(.data)
    PbPressCheck                             0x20000008   Data           4  main.o(.data)
    LEDsState                                0x2000000c   Data           4  main.o(.data)
    BufferOffset                             0x20000010   Data           1  waveplayer.o(.data)
    cont_pulsos                              0x20000018   Data           1  application.o(.data)
    detectar_pulso                           0x20000019   Data           1  application.o(.data)
    cs43l22_drv                              0x2000001c   Data          44  cs43l22.o(.data)
    OutputDev                                0x20000049   Data           1  cs43l22.o(.data)
    Lsm303dlhcDrv                            0x2000004c   Data          44  lsm303dlhc.o(.data)
    tmpreg2A                                 0x20000078   Data           8  lsm303dlhc.o(.data)
    tmpreg3A                                 0x20000080   Data           1  lsm303dlhc.o(.data)
    tmpregcfgA                               0x20000081   Data           1  lsm303dlhc.o(.data)
    GPIO_PORT                                0x20000084   Data          16  stm32f401_discovery.o(.data)
    BUTTON_PORT                              0x20000094   Data           4  stm32f401_discovery.o(.data)
    I2cxTimeout                              0x20000098   Data           4  stm32f401_discovery.o(.data)
    SpixTimeout                              0x2000009c   Data           4  stm32f401_discovery.o(.data)
    AudioInVolume                            0x200000a8   Data           2  stm32f401_discovery_audio.o(.data)
    SystemCoreClock                          0x200000ac   Data           4  system_stm32f4xx.o(.data)
    AHBPrescTable                            0x200000b0   Data          16  system_stm32f4xx.o(.data)
    USBH_Driver                              0x200000cc   Data          20  usbh_diskio.o(.data)
    USBH_msc                                 0x200000e0   Data          32  usbh_msc.o(.data)
    __stdout                                 0x20000100   Data           4  stdout.o(.data)
    __microlib_freelist                      0x20000104   Data           4  mvars.o(.data)
    __microlib_freelist_initialised          0x20000108   Data           4  mvars.o(.data)
    hTimLed                                  0x2000010c   Data          60  main.o(.bss)
    sConfigLed                               0x20000148   Data          28  main.o(.bss)
    hUSBHost                                 0x20000164   Data         920  main.o(.bss)
    hHCD                                     0x200004fc   Data         660  usbh_conf.o(.bss)
    Audio_BufferStereo                       0x20000790   Data        4096  waveplayer.o(.bss)
    FileRead                                 0x20001790   Data         552  waveplayer.o(.bss)
    TIM_Handle                               0x20002038   Data          60  utils.o(.bss)
    hAudioOutI2s                             0x200022a8   Data          68  stm32f401_discovery_audio.o(.bss)
    hAudioInI2s                              0x200022ec   Data          68  stm32f401_discovery_audio.o(.bss)
    Filter                                   0x20002330   Data          52  stm32f401_discovery_audio.o(.bss)
    disk                                     0x2000241c   Data          12  ff_gen_drv.o(.bss)
    __heap_base                              0x20002428   Data           0  startup_stm32f401xc.o(HEAP)
    __heap_limit                             0x20004428   Data           0  startup_stm32f401xc.o(HEAP)
    __initial_sp                             0x20006428   Data           0  startup_stm32f401xc.o(STACK)



==============================================================================

Memory Map of the image

  Image Entry point : 0x08000195

  Load Region LR_IROM1 (Base: 0x08000000, Size: 0x0000e0dc, Max: 0x00040000, ABSOLUTE)

    Execution Region ER_IROM1 (Base: 0x08000000, Size: 0x0000dfd0, Max: 0x00040000, ABSOLUTE)

    Base Addr    Size         Type   Attr      Idx    E Section Name        Object

    0x08000000   0x00000194   Data   RO            3    RESET               startup_stm32f401xc.o
    0x08000194   0x00000000   Code   RO         6051  * .ARM.Collect$$$$00000000  mc_w.l(entry.o)
    0x08000194   0x00000004   Code   RO         6369    .ARM.Collect$$$$00000001  mc_w.l(entry2.o)
    0x08000198   0x00000004   Code   RO         6372    .ARM.Collect$$$$00000004  mc_w.l(entry5.o)
    0x0800019c   0x00000000   Code   RO         6374    .ARM.Collect$$$$00000008  mc_w.l(entry7b.o)
    0x0800019c   0x00000000   Code   RO         6376    .ARM.Collect$$$$0000000A  mc_w.l(entry8b.o)
    0x0800019c   0x00000008   Code   RO         6377    .ARM.Collect$$$$0000000B  mc_w.l(entry9a.o)
    0x080001a4   0x00000000   Code   RO         6379    .ARM.Collect$$$$0000000D  mc_w.l(entry10a.o)
    0x080001a4   0x00000000   Code   RO         6381    .ARM.Collect$$$$0000000F  mc_w.l(entry11a.o)
    0x080001a4   0x00000004   Code   RO         6370    .ARM.Collect$$$$00002712  mc_w.l(entry2.o)
    0x080001a8   0x00000004   Code   RO          659    .rev16_text         waverecorder.o
    0x080001ac   0x00000024   Code   RO            4    .text               startup_stm32f401xc.o
    0x080001d0   0x00000062   Code   RO         6054    .text               mc_w.l(ldiv.o)
    0x08000232   0x00000024   Code   RO         6056    .text               mc_w.l(memcpya.o)
    0x08000256   0x00000024   Code   RO         6058    .text               mc_w.l(memseta.o)
    0x0800027a   0x0000002c   Code   RO         6384    .text               mc_w.l(uidiv.o)
    0x080002a6   0x00000062   Code   RO         6386    .text               mc_w.l(uldiv.o)
    0x08000308   0x0000001e   Code   RO         6388    .text               mc_w.l(llshl.o)
    0x08000326   0x00000020   Code   RO         6390    .text               mc_w.l(llushr.o)
    0x08000346   0x00000002   PAD
    0x08000348   0x00000024   Code   RO         6403    .text               mc_w.l(init.o)
    0x0800036c   0x00000068   Code   RO         1029    i.AUDIO_IO_Init     stm32f401_discovery.o
    0x080003d4   0x00000010   Code   RO         1030    i.AUDIO_IO_Read     stm32f401_discovery.o
    0x080003e4   0x00000014   Code   RO         1031    i.AUDIO_IO_Write    stm32f401_discovery.o
    0x080003f8   0x00000018   Code   RO         1199    i.BSP_ACCELERO_Click_ITConfig  stm32f401_discovery_accelerometer.o
    0x08000410   0x000000c4   Code   RO         1201    i.BSP_ACCELERO_Init  stm32f401_discovery_accelerometer.o
    0x080004d4   0x00000002   Code   RO         1243    i.BSP_AUDIO_IN_Error_Callback  stm32f401_discovery_audio.o
    0x080004d6   0x00000002   PAD
    0x080004d8   0x00000018   Code   RO         1253    i.BSP_AUDIO_OUT_ChangeBuffer  stm32f401_discovery_audio.o
    0x080004f0   0x00000004   Code   RO          533    i.BSP_AUDIO_OUT_Error_CallBack  waveplayer.o
    0x080004f4   0x0000000c   Code   RO          534    i.BSP_AUDIO_OUT_HalfTransfer_CallBack  waveplayer.o
    0x08000500   0x0000008c   Code   RO         1256    i.BSP_AUDIO_OUT_Init  stm32f401_discovery_audio.o
    0x0800058c   0x00000044   Code   RO         1258    i.BSP_AUDIO_OUT_Play  stm32f401_discovery_audio.o
    0x080005d0   0x00000024   Code   RO         1259    i.BSP_AUDIO_OUT_Resume  stm32f401_discovery_audio.o
    0x080005f4   0x00000040   Code   RO         1264    i.BSP_AUDIO_OUT_Stop  stm32f401_discovery_audio.o
    0x08000634   0x0000001c   Code   RO          535    i.BSP_AUDIO_OUT_TransferComplete_CallBack  waveplayer.o
    0x08000650   0x000000c8   Code   RO         1033    i.BSP_LED_Init      stm32f401_discovery.o
    0x08000718   0x00000020   Code   RO         1034    i.BSP_LED_Off       stm32f401_discovery.o
    0x08000738   0x00000020   Code   RO         1035    i.BSP_LED_On        stm32f401_discovery.o
    0x08000758   0x0000009c   Code   RO         1038    i.BSP_PB_Init       stm32f401_discovery.o
    0x080007f4   0x00000004   Code   RO          273    i.BusFault_Handler  stm32f4xx_it.o
    0x080007f8   0x0000001c   Code   RO          823    i.CODEC_IO_Write    cs43l22.o
    0x08000814   0x00000058   Code   RO         1039    i.COMPASSACCELERO_IO_ITConfig  stm32f401_discovery.o
    0x0800086c   0x00000048   Code   RO         1040    i.COMPASSACCELERO_IO_Init  stm32f401_discovery.o
    0x080008b4   0x00000010   Code   RO         1041    i.COMPASSACCELERO_IO_Read  stm32f401_discovery.o
    0x080008c4   0x00000014   Code   RO         1042    i.COMPASSACCELERO_IO_Write  stm32f401_discovery.o
    0x080008d8   0x00000010   Code   RO          274    i.DMA1_Stream3_IRQHandler  stm32f4xx_it.o
    0x080008e8   0x00000010   Code   RO          275    i.DMA1_Stream7_IRQHandler  stm32f4xx_it.o
    0x080008f8   0x0000002c   Code   RO         1889    i.DMA_SetConfig     stm32f4xx_hal_dma.o
    0x08000924   0x00000052   Code   RO         5689    i.DeInitStateMachine  usbh_core.o
    0x08000976   0x00000002   Code   RO          276    i.DebugMon_Handler  stm32f4xx_it.o
    0x08000978   0x0000000a   Code   RO          277    i.EXTI0_IRQHandler  stm32f4xx_it.o
    0x08000982   0x0000000a   Code   RO          278    i.EXTI4_IRQHandler  stm32f4xx_it.o
    0x0800098c   0x0000000a   Code   RO           13    i.Error_Handler     main.o
    0x08000996   0x00000002   PAD
    0x08000998   0x0000004c   Code   RO         5314    i.FATFS_LinkDriver  ff_gen_drv.o
    0x080009e4   0x0000005e   Code   RO         1890    i.HAL_DMA_Abort     stm32f4xx_hal_dma.o
    0x08000a42   0x00000002   PAD
    0x08000a44   0x00000f64   Code   RO         1891    i.HAL_DMA_DeInit    stm32f4xx_hal_dma.o
    0x080019a8   0x00002638   Code   RO         1894    i.HAL_DMA_IRQHandler  stm32f4xx_hal_dma.o
    0x08003fe0   0x0000007c   Code   RO         1895    i.HAL_DMA_Init      stm32f4xx_hal_dma.o
    0x0800405c   0x0000008e   Code   RO         1898    i.HAL_DMA_Start_IT  stm32f4xx_hal_dma.o
    0x080040ea   0x0000001a   Code   RO         1628    i.HAL_Delay         stm32f4xx_hal.o
    0x08004104   0x0000003c   Code   RO           14    i.HAL_GPIO_EXTI_Callback  main.o
    0x08004140   0x0000001c   Code   RO         2219    i.HAL_GPIO_EXTI_IRQHandler  stm32f4xx_hal_gpio.o
    0x0800415c   0x000001d0   Code   RO         2220    i.HAL_GPIO_Init     stm32f4xx_hal_gpio.o
    0x0800432c   0x0000000c   Code   RO         2224    i.HAL_GPIO_WritePin  stm32f4xx_hal_gpio.o
    0x08004338   0x0000000c   Code   RO         1634    i.HAL_GetTick       stm32f4xx_hal.o
    0x08004344   0x0000000e   Code   RO          386    i.HAL_HCD_Connect_Callback  usbh_conf.o
    0x08004352   0x0000000e   Code   RO          387    i.HAL_HCD_Disconnect_Callback  usbh_conf.o
    0x08004360   0x0000000c   Code   RO         2286    i.HAL_HCD_GetCurrentFrame  stm32f4xx_hal_hcd.o
    0x0800436c   0x0000000c   Code   RO         2287    i.HAL_HCD_GetCurrentSpeed  stm32f4xx_hal_hcd.o
    0x08004378   0x00000014   Code   RO         2290    i.HAL_HCD_HC_GetURBState  stm32f4xx_hal_hcd.o
    0x0800438c   0x00000012   Code   RO         2291    i.HAL_HCD_HC_GetXferCount  stm32f4xx_hal_hcd.o
    0x0800439e   0x00000034   Code   RO         2292    i.HAL_HCD_HC_Halt   stm32f4xx_hal_hcd.o
    0x080043d2   0x000000ba   Code   RO         2293    i.HAL_HCD_HC_Init   stm32f4xx_hal_hcd.o
    0x0800448c   0x00000002   Code   RO          388    i.HAL_HCD_HC_NotifyURBChange_Callback  usbh_conf.o
    0x0800448e   0x00000268   Code   RO         2295    i.HAL_HCD_HC_SubmitRequest  stm32f4xx_hal_hcd.o
    0x080046f6   0x00000166   Code   RO         2296    i.HAL_HCD_IRQHandler  stm32f4xx_hal_hcd.o
    0x0800485c   0x0000005a   Code   RO         2297    i.HAL_HCD_Init      stm32f4xx_hal_hcd.o
    0x080048b6   0x00000002   PAD
    0x080048b8   0x000000ec   Code   RO          390    i.HAL_HCD_MspInit   usbh_conf.o
    0x080049a4   0x0000000c   Code   RO         2300    i.HAL_HCD_ResetPort  stm32f4xx_hal_hcd.o
    0x080049b0   0x0000000e   Code   RO          391    i.HAL_HCD_SOF_Callback  usbh_conf.o
    0x080049be   0x00000036   Code   RO         2302    i.HAL_HCD_Start     stm32f4xx_hal_hcd.o
    0x080049f4   0x0000002e   Code   RO         2303    i.HAL_HCD_Stop      stm32f4xx_hal_hcd.o
    0x08004a22   0x00000036   Code   RO         2447    i.HAL_I2C_DeInit    stm32f4xx_hal_i2c.o
    0x08004a58   0x00000008   Code   RO         2452    i.HAL_I2C_GetState  stm32f4xx_hal_i2c.o
    0x08004a60   0x00000120   Code   RO         2453    i.HAL_I2C_Init      stm32f4xx_hal_i2c.o
    0x08004b80   0x00000238   Code   RO         2465    i.HAL_I2C_Mem_Read  stm32f4xx_hal_i2c.o
    0x08004db8   0x00000110   Code   RO         2468    i.HAL_I2C_Mem_Write  stm32f4xx_hal_i2c.o
    0x08004ec8   0x00000002   Code   RO         2471    i.HAL_I2C_MspDeInit  stm32f4xx_hal_i2c.o
    0x08004eca   0x00000002   Code   RO         2472    i.HAL_I2C_MspInit   stm32f4xx_hal_i2c.o
    0x08004ecc   0x000000f0   Code   RO         3003    i.HAL_I2S_DMAResume  stm32f4xx_hal_i2s_ex.o
    0x08004fbc   0x000000f4   Code   RO         3004    i.HAL_I2S_DMAStop   stm32f4xx_hal_i2s_ex.o
    0x080050b0   0x00000028   Code   RO         1266    i.HAL_I2S_ErrorCallback  stm32f401_discovery_audio.o
    0x080050d8   0x00000008   Code   RO         2825    i.HAL_I2S_GetState  stm32f4xx_hal_i2s.o
    0x080050e0   0x00000190   Code   RO         3006    i.HAL_I2S_Init      stm32f4xx_hal_i2s_ex.o
    0x08005270   0x00000002   Code   RO         2829    i.HAL_I2S_MspInit   stm32f4xx_hal_i2s.o
    0x08005272   0x00000002   PAD
    0x08005274   0x000000ec   Code   RO         2836    i.HAL_I2S_Transmit_DMA  stm32f4xx_hal_i2s.o
    0x08005360   0x00000018   Code   RO         1269    i.HAL_I2S_TxCpltCallback  stm32f401_discovery_audio.o
    0x08005378   0x00000018   Code   RO         1270    i.HAL_I2S_TxHalfCpltCallback  stm32f401_discovery_audio.o
    0x08005390   0x00000010   Code   RO         1635    i.HAL_IncTick       stm32f4xx_hal.o
    0x080053a0   0x0000003c   Code   RO         1636    i.HAL_Init          stm32f4xx_hal.o
    0x080053dc   0x00000024   Code   RO         1637    i.HAL_InitTick      stm32f4xx_hal.o
    0x08005400   0x00000002   Code   RO         1639    i.HAL_MspInit       stm32f4xx_hal.o
    0x08005402   0x0000001a   Code   RO         1769    i.HAL_NVIC_EnableIRQ  stm32f4xx_hal_cortex.o
    0x0800541c   0x0000007c   Code   RO         1775    i.HAL_NVIC_SetPriority  stm32f4xx_hal_cortex.o
    0x08005498   0x00000028   Code   RO         1776    i.HAL_NVIC_SetPriorityGrouping  stm32f4xx_hal_cortex.o
    0x080054c0   0x00000050   Code   RO         3392    i.HAL_RCCEx_GetPeriphCLKConfig  stm32f4xx_hal_rcc_ex.o
    0x08005510   0x000001a8   Code   RO         3393    i.HAL_RCCEx_PeriphCLKConfig  stm32f4xx_hal_rcc_ex.o
    0x080056b8   0x000002b0   Code   RO         3288    i.HAL_RCC_ClockConfig  stm32f4xx_hal_rcc.o
    0x08005968   0x00000038   Code   RO         3293    i.HAL_RCC_GetHCLKFreq  stm32f4xx_hal_rcc.o
    0x080059a0   0x0000002c   Code   RO         3295    i.HAL_RCC_GetPCLK1Freq  stm32f4xx_hal_rcc.o
    0x080059cc   0x000000b4   Code   RO         3297    i.HAL_RCC_GetSysClockFreq  stm32f4xx_hal_rcc.o
    0x08005a80   0x00000404   Code   RO         3300    i.HAL_RCC_OscConfig  stm32f4xx_hal_rcc.o
    0x08005e84   0x00000034   Code   RO         1780    i.HAL_SYSTICK_Config  stm32f4xx_hal_cortex.o
    0x08005eb8   0x00000002   Code   RO         4307    i.HAL_TIMEx_BreakCallback  stm32f4xx_hal_tim_ex.o
    0x08005eba   0x00000002   Code   RO         4308    i.HAL_TIMEx_CommutationCallback  stm32f4xx_hal_tim_ex.o
    0x08005ebc   0x00000034   Code   RO         3668    i.HAL_TIM_Base_Init  stm32f4xx_hal_tim.o
    0x08005ef0   0x00000002   Code   RO         3670    i.HAL_TIM_Base_MspInit  stm32f4xx_hal_tim.o
    0x08005ef2   0x0000001e   Code   RO         3671    i.HAL_TIM_Base_Start  stm32f4xx_hal_tim.o
    0x08005f10   0x00000002   Code   RO         3697    i.HAL_TIM_IC_CaptureCallback  stm32f4xx_hal_tim.o
    0x08005f12   0x00000196   Code   RO         3710    i.HAL_TIM_IRQHandler  stm32f4xx_hal_tim.o
    0x080060a8   0x00000074   Code   RO         3711    i.HAL_TIM_OC_ConfigChannel  stm32f4xx_hal_tim.o
    0x0800611c   0x00000020   Code   RO           15    i.HAL_TIM_OC_DelayElapsedCallback  main.o
    0x0800613c   0x00000034   Code   RO         3715    i.HAL_TIM_OC_Init   stm32f4xx_hal_tim.o
    0x08006170   0x00000002   Code   RO         3717    i.HAL_TIM_OC_MspInit  stm32f4xx_hal_tim.o
    0x08006172   0x00000002   PAD
    0x08006174   0x0000008c   Code   RO         3720    i.HAL_TIM_OC_Start_IT  stm32f4xx_hal_tim.o
    0x08006200   0x00000002   Code   RO         3740    i.HAL_TIM_PWM_PulseFinishedCallback  stm32f4xx_hal_tim.o
    0x08006202   0x00000002   Code   RO         3747    i.HAL_TIM_PeriodElapsedCallback  stm32f4xx_hal_tim.o
    0x08006204   0x00000054   Code   RO         3748    i.HAL_TIM_ReadCapturedValue  stm32f4xx_hal_tim.o
    0x08006258   0x00000002   Code   RO         3751    i.HAL_TIM_TriggerCallback  stm32f4xx_hal_tim.o
    0x0800625a   0x00000516   Code   RO         2304    i.HCD_HC_IN_IRQHandler  stm32f4xx_hal_hcd.o
    0x08006770   0x000004fe   Code   RO         2305    i.HCD_HC_OUT_IRQHandler  stm32f4xx_hal_hcd.o
    0x08006c6e   0x000000e2   Code   RO         2306    i.HCD_Port_IRQHandler  stm32f4xx_hal_hcd.o
    0x08006d50   0x00000118   Code   RO         2307    i.HCD_RXQLVL_IRQHandler  stm32f4xx_hal_hcd.o
    0x08006e68   0x00000004   Code   RO          279    i.HardFault_Handler  stm32f4xx_it.o
    0x08006e6c   0x00000114   Code   RO         2494    i.I2C_RequestMemoryRead  stm32f4xx_hal_i2c.o
    0x08006f80   0x000000b0   Code   RO         2495    i.I2C_RequestMemoryWrite  stm32f4xx_hal_i2c.o
    0x08007030   0x000000de   Code   RO         2503    i.I2C_WaitOnFlagUntilTimeout  stm32f4xx_hal_i2c.o
    0x0800710e   0x000000aa   Code   RO         2504    i.I2C_WaitOnMasterAddressFlagUntilTimeout  stm32f4xx_hal_i2c.o
    0x080071b8   0x00000014   Code   RO         1046    i.I2Cx_Error        stm32f401_discovery.o
    0x080071cc   0x0000004c   Code   RO         1047    i.I2Cx_Init         stm32f401_discovery.o
    0x08007218   0x000000a8   Code   RO         1048    i.I2Cx_MspInit      stm32f401_discovery.o
    0x080072c0   0x00000040   Code   RO         1049    i.I2Cx_ReadData     stm32f401_discovery.o
    0x08007300   0x00000038   Code   RO         1050    i.I2Cx_WriteData    stm32f401_discovery.o
    0x08007338   0x00000050   Code   RO         1273    i.I2S3_Init         stm32f401_discovery_audio.o
    0x08007388   0x0000015c   Code   RO         1274    i.I2S3_MspInit      stm32f401_discovery_audio.o
    0x080074e4   0x00000022   Code   RO         2840    i.I2S_DMAError      stm32f4xx_hal_i2s.o
    0x08007506   0x00000002   PAD
    0x08007508   0x00000078   Code   RO         3009    i.I2S_DMATxCplt     stm32f4xx_hal_i2s_ex.o
    0x08007580   0x0000000e   Code   RO         2842    i.I2S_DMATxHalfCplt  stm32f4xx_hal_i2s.o
    0x0800758e   0x00000002   PAD
    0x08007590   0x00000078   Code   RO         3010    i.I2S_GetInputClock  stm32f4xx_hal_i2s_ex.o
    0x08007608   0x0000004c   Code   RO          904    i.LSM303DLHC_AccClickITEnable  lsm303dlhc.o
    0x08007654   0x00000022   Code   RO          905    i.LSM303DLHC_AccFilterClickCmd  lsm303dlhc.o
    0x08007676   0x00000020   Code   RO          906    i.LSM303DLHC_AccFilterCmd  lsm303dlhc.o
    0x08007696   0x00000020   Code   RO          907    i.LSM303DLHC_AccFilterConfig  lsm303dlhc.o
    0x080076b6   0x0000001e   Code   RO          913    i.LSM303DLHC_AccIT1Enable  lsm303dlhc.o
    0x080076d4   0x00000026   Code   RO          916    i.LSM303DLHC_AccInit  lsm303dlhc.o
    0x080076fa   0x00000016   Code   RO          917    i.LSM303DLHC_AccReadID  lsm303dlhc.o
    0x08007710   0x0000011a   Code   RO          918    i.LSM303DLHC_AccReadXYZ  lsm303dlhc.o
    0x0800782a   0x0000001c   Code   RO          919    i.LSM303DLHC_AccRebootCmd  lsm303dlhc.o
    0x08007846   0x0000001a   Code   RO          920    i.LSM303DLHC_AccZClickITConfig  lsm303dlhc.o
    0x08007860   0x00000004   Code   RO          280    i.MemManage_Handler  stm32f4xx_it.o
    0x08007864   0x00000002   Code   RO          281    i.NMI_Handler       stm32f4xx_it.o
    0x08007866   0x00000002   PAD
    0x08007868   0x00000010   Code   RO         1782    i.NVIC_GetPriorityGrouping  stm32f4xx_hal_cortex.o
    0x08007878   0x00000028   Code   RO         1783    i.NVIC_SetPriority  stm32f4xx_hal_cortex.o
    0x080078a0   0x00000010   Code   RO          282    i.OTG_FS_IRQHandler  stm32f4xx_it.o
    0x080078b0   0x00000002   Code   RO          283    i.PendSV_Handler    stm32f4xx_it.o
    0x080078b2   0x00000002   Code   RO          284    i.SVC_Handler       stm32f4xx_it.o
    0x080078b4   0x00000008   Code   RO          285    i.SysTick_Handler   stm32f4xx_it.o
    0x080078bc   0x0000009c   Code   RO           16    i.SystemClock_Config  main.o
    0x08007958   0x00000064   Code   RO         1462    i.SystemInit        system_stm32f4xx.o
    0x080079bc   0x00000010   Code   RO          286    i.TIM4_IRQHandler   stm32f4xx_it.o
    0x080079cc   0x000000b0   Code   RO         3752    i.TIM_Base_SetConfig  stm32f4xx_hal_tim.o
    0x08007a7c   0x0000001c   Code   RO         3753    i.TIM_CCxChannelCmd  stm32f4xx_hal_tim.o
    0x08007a98   0x000000bc   Code   RO           17    i.TIM_LED_Config    main.o
    0x08007b54   0x00000064   Code   RO         3761    i.TIM_OC1_SetConfig  stm32f4xx_hal_tim.o
    0x08007bb8   0x00000070   Code   RO         3762    i.TIM_OC2_SetConfig  stm32f4xx_hal_tim.o
    0x08007c28   0x0000006c   Code   RO         3763    i.TIM_OC3_SetConfig  stm32f4xx_hal_tim.o
    0x08007c94   0x00000058   Code   RO         3764    i.TIM_OC4_SetConfig  stm32f4xx_hal_tim.o
    0x08007cec   0x00000054   Code   RO          686    i.TickTock_Init     utils.o
    0x08007d40   0x00000010   Code   RO          687    i.TickTock_Start    utils.o
    0x08007d50   0x00000034   Code   RO          688    i.TickTock_Stop     utils.o
    0x08007d84   0x00000026   Code   RO         5992    i.USBH_AllocPipe    usbh_pipes.o
    0x08007daa   0x0000002a   Code   RO         5920    i.USBH_BulkReceiveData  usbh_ioreq.o
    0x08007dd4   0x00000034   Code   RO         5921    i.USBH_BulkSendData  usbh_ioreq.o
    0x08007e08   0x00000012   Code   RO         5993    i.USBH_ClosePipe    usbh_pipes.o
    0x08007e1a   0x00000028   Code   RO         5812    i.USBH_ClrFeature   usbh_ctlreq.o
    0x08007e42   0x0000002a   Code   RO         5922    i.USBH_CtlReceiveData  usbh_ioreq.o
    0x08007e6c   0x00000054   Code   RO         5813    i.USBH_CtlReq       usbh_ctlreq.o
    0x08007ec0   0x00000034   Code   RO         5923    i.USBH_CtlSendData  usbh_ioreq.o
    0x08007ef4   0x00000026   Code   RO         5924    i.USBH_CtlSendSetup  usbh_ioreq.o
    0x08007f1a   0x0000000c   Code   RO          392    i.USBH_Delay        usbh_conf.o
    0x08007f26   0x00000050   Code   RO         5691    i.USBH_FindInterface  usbh_core.o
    0x08007f76   0x0000001e   Code   RO         5994    i.USBH_FreePipe     usbh_pipes.o
    0x08007f94   0x0000004a   Code   RO         5814    i.USBH_GetDescriptor  usbh_ctlreq.o
    0x08007fde   0x00000028   Code   RO         5995    i.USBH_GetFreePipe  usbh_pipes.o
    0x08008006   0x00000012   Code   RO         5815    i.USBH_GetNextDesc  usbh_ctlreq.o
    0x08008018   0x0000002e   Code   RO         5816    i.USBH_Get_CfgDesc  usbh_ctlreq.o
    0x08008046   0x0000002e   Code   RO         5817    i.USBH_Get_DevDesc  usbh_ctlreq.o
    0x08008074   0x00000036   Code   RO         5818    i.USBH_Get_StringDesc  usbh_ctlreq.o
    0x080080aa   0x000001be   Code   RO         5819    i.USBH_HandleControl  usbh_ctlreq.o
    0x08008268   0x0000015a   Code   RO         5694    i.USBH_HandleEnum   usbh_core.o
    0x080083c2   0x0000001c   Code   RO         5695    i.USBH_HandleSof    usbh_core.o
    0x080083de   0x00000032   Code   RO         5696    i.USBH_Init         usbh_core.o
    0x08008410   0x00000014   Code   RO          393    i.USBH_LL_ClosePipe  usbh_conf.o
    0x08008424   0x0000002e   Code   RO         5697    i.USBH_LL_Connect   usbh_core.o
    0x08008452   0x0000003e   Code   RO         5698    i.USBH_LL_Disconnect  usbh_core.o
    0x08008490   0x0000002c   Code   RO          395    i.USBH_LL_DriverVBUS  usbh_conf.o
    0x080084bc   0x00000012   Code   RO          396    i.USBH_LL_GetLastXferSize  usbh_conf.o
    0x080084ce   0x00000030   Code   RO          397    i.USBH_LL_GetSpeed  usbh_conf.o
    0x080084fe   0x00000002   PAD
    0x08008500   0x00000034   Code   RO          398    i.USBH_LL_GetToggle  usbh_conf.o
    0x08008534   0x00000012   Code   RO          399    i.USBH_LL_GetURBState  usbh_conf.o
    0x08008546   0x00000016   Code   RO         5699    i.USBH_LL_IncTimer  usbh_core.o
    0x0800855c   0x00000054   Code   RO          400    i.USBH_LL_Init      usbh_conf.o
    0x080085b0   0x0000002c   Code   RO          401    i.USBH_LL_OpenPipe  usbh_conf.o
    0x080085dc   0x00000010   Code   RO          402    i.USBH_LL_ResetPort  usbh_conf.o
    0x080085ec   0x00000006   Code   RO         5700    i.USBH_LL_SetTimer  usbh_core.o
    0x080085f2   0x00000002   PAD
    0x080085f4   0x00000034   Code   RO          403    i.USBH_LL_SetToggle  usbh_conf.o
    0x08008628   0x00000010   Code   RO          404    i.USBH_LL_Start     usbh_conf.o
    0x08008638   0x00000010   Code   RO          405    i.USBH_LL_Stop      usbh_conf.o
    0x08008648   0x0000002e   Code   RO          406    i.USBH_LL_SubmitURB  usbh_conf.o
    0x08008676   0x0000003c   Code   RO         5583    i.USBH_MSC_BOT_Abort  usbh_msc_bot.o
    0x080086b2   0x00000002   PAD
    0x080086b4   0x00000028   Code   RO         5584    i.USBH_MSC_BOT_Init  usbh_msc_bot.o
    0x080086dc   0x0000026e   Code   RO         5585    i.USBH_MSC_BOT_Process  usbh_msc_bot.o
    0x0800894a   0x00000024   Code   RO         5586    i.USBH_MSC_BOT_REQ_GetMaxLUN  usbh_msc_bot.o
    0x0800896e   0x00000020   Code   RO         5587    i.USBH_MSC_BOT_REQ_Reset  usbh_msc_bot.o
    0x0800898e   0x0000008e   Code   RO         5492    i.USBH_MSC_ClassRequest  usbh_msc.o
    0x08008a1c   0x00000058   Code   RO         5588    i.USBH_MSC_DecodeCSW  usbh_msc_bot.o
    0x08008a74   0x00000038   Code   RO         5493    i.USBH_MSC_GetLUNInfo  usbh_msc.o
    0x08008aac   0x00000058   Code   RO         5495    i.USBH_MSC_InterfaceDeInit  usbh_msc.o
    0x08008b04   0x000001be   Code   RO         5496    i.USBH_MSC_InterfaceInit  usbh_msc.o
    0x08008cc2   0x0000046e   Code   RO         5498    i.USBH_MSC_Process  usbh_msc.o
    0x08009130   0x0000015c   Code   RO         5499    i.USBH_MSC_RdWrProcess  usbh_msc.o
    0x0800928c   0x0000009a   Code   RO         5500    i.USBH_MSC_Read     usbh_msc.o
    0x08009326   0x000000f2   Code   RO         5635    i.USBH_MSC_SCSI_Inquiry  usbh_msc_scsi.o
    0x08009418   0x000000a2   Code   RO         5636    i.USBH_MSC_SCSI_Read  usbh_msc_scsi.o
    0x080094ba   0x000000a8   Code   RO         5637    i.USBH_MSC_SCSI_ReadCapacity  usbh_msc_scsi.o
    0x08009562   0x000000b2   Code   RO         5638    i.USBH_MSC_SCSI_RequestSense  usbh_msc_scsi.o
    0x08009614   0x00000062   Code   RO         5639    i.USBH_MSC_SCSI_TestUnitReady  usbh_msc_scsi.o
    0x08009676   0x000000a2   Code   RO         5640    i.USBH_MSC_SCSI_Write  usbh_msc_scsi.o
    0x08009718   0x00000006   Code   RO         5501    i.USBH_MSC_SOFProcess  usbh_msc.o
    0x0800971e   0x00000030   Code   RO         5502    i.USBH_MSC_UnitIsReady  usbh_msc.o
    0x0800974e   0x0000009a   Code   RO         5503    i.USBH_MSC_Write    usbh_msc.o
    0x080097e8   0x0000002a   Code   RO         5996    i.USBH_OpenPipe     usbh_pipes.o
    0x08009812   0x000000da   Code   RO         5820    i.USBH_ParseCfgDesc  usbh_ctlreq.o
    0x080098ec   0x00000058   Code   RO         5821    i.USBH_ParseDevDesc  usbh_ctlreq.o
    0x08009944   0x00000020   Code   RO         5822    i.USBH_ParseEPDesc  usbh_ctlreq.o
    0x08009964   0x00000026   Code   RO         5823    i.USBH_ParseInterfaceDesc  usbh_ctlreq.o
    0x0800998a   0x00000036   Code   RO         5824    i.USBH_ParseStringDesc  usbh_ctlreq.o
    0x080099c0   0x000001ac   Code   RO         5701    i.USBH_Process      usbh_core.o
    0x08009b6c   0x0000002a   Code   RO         5703    i.USBH_RegisterClass  usbh_core.o
    0x08009b96   0x00000016   Code   RO         5704    i.USBH_SelectInterface  usbh_core.o
    0x08009bac   0x00000028   Code   RO         5825    i.USBH_SetAddress   usbh_ctlreq.o
    0x08009bd4   0x00000028   Code   RO         5826    i.USBH_SetCfg       usbh_ctlreq.o
    0x08009bfc   0x00000016   Code   RO         5705    i.USBH_Start        usbh_core.o
    0x08009c12   0x00000028   Code   RO           18    i.USBH_UserProcess  main.o
    0x08009c3a   0x00000004   Code   RO         5352    i.USBH_initialize   usbh_diskio.o
    0x08009c3e   0x00000002   PAD
    0x08009c40   0x0000007c   Code   RO         5353    i.USBH_ioctl        usbh_diskio.o
    0x08009cbc   0x000000a4   Code   RO         5354    i.USBH_read         usbh_diskio.o
    0x08009d60   0x0000001c   Code   RO         5355    i.USBH_status       usbh_diskio.o
    0x08009d7c   0x000000ac   Code   RO         5356    i.USBH_write        usbh_diskio.o
    0x08009e28   0x00000070   Code   RO         4568    i.USB_CoreInit      stm32f4xx_ll_usb.o
    0x08009e98   0x0000004c   Code   RO         4569    i.USB_CoreReset     stm32f4xx_ll_usb.o
    0x08009ee4   0x0000000e   Code   RO         4575    i.USB_DisableGlobalInt  stm32f4xx_ll_usb.o
    0x08009ef2   0x00000002   PAD
    0x08009ef4   0x00000054   Code   RO         4576    i.USB_DoPing        stm32f4xx_ll_usb.o
    0x08009f48   0x00000044   Code   RO         4577    i.USB_DriveVbus     stm32f4xx_ll_usb.o
    0x08009f8c   0x0000000e   Code   RO         4583    i.USB_EnableGlobalInt  stm32f4xx_ll_usb.o
    0x08009f9a   0x00000002   PAD
    0x08009f9c   0x0000002c   Code   RO         4584    i.USB_FlushRxFifo   stm32f4xx_ll_usb.o
    0x08009fc8   0x00000030   Code   RO         4585    i.USB_FlushTxFifo   stm32f4xx_ll_usb.o
    0x08009ff8   0x0000000c   Code   RO         4586    i.USB_GetCurrentFrame  stm32f4xx_ll_usb.o
    0x0800a004   0x00000012   Code   RO         4588    i.USB_GetHostSpeed  stm32f4xx_ll_usb.o
    0x0800a016   0x0000000a   Code   RO         4589    i.USB_GetMode       stm32f4xx_ll_usb.o
    0x0800a020   0x00000178   Code   RO         4590    i.USB_HC_Halt       stm32f4xx_ll_usb.o
    0x0800a198   0x00000188   Code   RO         4591    i.USB_HC_Init       stm32f4xx_ll_usb.o
    0x0800a320   0x0000000c   Code   RO         4592    i.USB_HC_ReadInterrupt  stm32f4xx_ll_usb.o
    0x0800a32c   0x00000190   Code   RO         4593    i.USB_HC_StartXfer  stm32f4xx_ll_usb.o
    0x0800a4bc   0x000000ec   Code   RO         4594    i.USB_HostInit      stm32f4xx_ll_usb.o
    0x0800a5a8   0x0000003e   Code   RO         4595    i.USB_InitFSLSPClkSel  stm32f4xx_ll_usb.o
    0x0800a5e6   0x0000000c   Code   RO         4600    i.USB_ReadInterrupts  stm32f4xx_ll_usb.o
    0x0800a5f2   0x00000028   Code   RO         4601    i.USB_ReadPacket    stm32f4xx_ll_usb.o
    0x0800a61a   0x00000030   Code   RO         4602    i.USB_ResetPort     stm32f4xx_ll_usb.o
    0x0800a64a   0x00000030   Code   RO         4603    i.USB_SetCurrentMode  stm32f4xx_ll_usb.o
    0x0800a67a   0x000000ae   Code   RO         4607    i.USB_StopHost      stm32f4xx_ll_usb.o
    0x0800a728   0x0000003a   Code   RO         4608    i.USB_WritePacket   stm32f4xx_ll_usb.o
    0x0800a762   0x00000004   Code   RO          287    i.UsageFault_Handler  stm32f4xx_it.o
    0x0800a766   0x00000002   PAD
    0x0800a768   0x000000b4   Code   RO          536    i.WavePlayerStart   waveplayer.o
    0x0800a81c   0x0000009c   Code   RO          662    i.WaveRecord        waverecorder.o
    0x0800a8b8   0x00000020   Code   RO         6107    i.__0printf$1       mc_w.l(printf1.o)
    0x0800a8d8   0x0000000e   Code   RO         6407    i.__scatterload_copy  mc_w.l(handlers.o)
    0x0800a8e6   0x00000002   Code   RO         6408    i.__scatterload_null  mc_w.l(handlers.o)
    0x0800a8e8   0x0000000e   Code   RO         6409    i.__scatterload_zeroinit  mc_w.l(handlers.o)
    0x0800a8f6   0x00000002   PAD
    0x0800a8f8   0x00000154   Code   RO         6114    i._printf_core      mc_w.l(printf1.o)
    0x0800aa4c   0x0000000c   Code   RO          590    i.application_conect  application.o
    0x0800aa58   0x0000000c   Code   RO          591    i.application_disconect  application.o
    0x0800aa64   0x00000024   Code   RO          592    i.application_init  application.o
    0x0800aa88   0x0000019c   Code   RO          593    i.application_task  application.o
    0x0800ac24   0x00000038   Code   RO         1521    i.arm_fir_init_q15  arm_fir_init_q15.o
    0x0800ac5c   0x000004fe   Code   RO         1545    i.arm_fir_q15       arm_fir_q15.o
    0x0800b15a   0x000000c6   Code   RO         1569    i.arm_rms_q15       arm_rms_q15.o
    0x0800b220   0x00000128   Code   RO         1593    i.arm_sqrt_q15      arm_sqrt_q15.o
    0x0800b348   0x0000002c   Code   RO          753    i.audioFilter_filter  audiofilter.o
    0x0800b374   0x0000002c   Code   RO          754    i.audioFilter_filterSel  audiofilter.o
    0x0800b3a0   0x0000000a   Code   RO          755    i.audioFilter_init  audiofilter.o
    0x0800b3aa   0x00000002   PAD
    0x0800b3ac   0x00000098   Code   RO         4948    i.check_fs          ff.o
    0x0800b444   0x00000014   Code   RO         4949    i.chk_chr           ff.o
    0x0800b458   0x00000090   Code   RO         4950    i.chk_lock          ff.o
    0x0800b4e8   0x00000030   Code   RO         4951    i.clear_lock        ff.o
    0x0800b518   0x00000020   Code   RO         4952    i.clust2sect        ff.o
    0x0800b538   0x00000090   Code   RO         4953    i.cmp_lfn           ff.o
    0x0800b5c8   0x00000028   Code   RO          537    i.convertToStereo   waveplayer.o
    0x0800b5f0   0x000000ea   Code   RO         4954    i.create_chain      ff.o
    0x0800b6da   0x00000002   PAD
    0x0800b6dc   0x00000230   Code   RO         4955    i.create_name       ff.o
    0x0800b90c   0x00000104   Code   RO          824    i.cs43l22_Init      cs43l22.o
    0x0800ba10   0x00000020   Code   RO          825    i.cs43l22_Pause     cs43l22.o
    0x0800ba30   0x0000003c   Code   RO          826    i.cs43l22_Play      cs43l22.o
    0x0800ba6c   0x00000012   Code   RO          827    i.cs43l22_ReadID    cs43l22.o
    0x0800ba7e   0x00000002   PAD
    0x0800ba80   0x00000048   Code   RO          828    i.cs43l22_Resume    cs43l22.o
    0x0800bac8   0x00000006   Code   RO          829    i.cs43l22_SetFrequency  cs43l22.o
    0x0800bace   0x00000002   PAD
    0x0800bad0   0x00000030   Code   RO          830    i.cs43l22_SetMute   cs43l22.o
    0x0800bb00   0x00000088   Code   RO          831    i.cs43l22_SetOutputMode  cs43l22.o
    0x0800bb88   0x0000006c   Code   RO          832    i.cs43l22_SetVolume  cs43l22.o
    0x0800bbf4   0x0000002c   Code   RO          833    i.cs43l22_Stop      cs43l22.o
    0x0800bc20   0x0000004c   Code   RO         4956    i.dec_lock          ff.o
    0x0800bc6c   0x00000064   Code   RO         4957    i.dir_alloc         ff.o
    0x0800bcd0   0x00000102   Code   RO         4958    i.dir_find          ff.o
    0x0800bdd2   0x0000015c   Code   RO         4959    i.dir_next          ff.o
    0x0800bf2e   0x0000014a   Code   RO         4961    i.dir_register      ff.o
    0x0800c078   0x000000c8   Code   RO         4963    i.dir_sdi           ff.o
    0x0800c140   0x00000028   Code   RO         4893    i.disk_initialize   diskio.o
    0x0800c168   0x00000024   Code   RO         4894    i.disk_ioctl        diskio.o
    0x0800c18c   0x00000028   Code   RO         4895    i.disk_read         diskio.o
    0x0800c1b4   0x00000018   Code   RO         4896    i.disk_status       diskio.o
    0x0800c1cc   0x00000028   Code   RO         4897    i.disk_write        diskio.o
    0x0800c1f4   0x00000028   Code   RO         4964    i.enq_lock          ff.o
    0x0800c21c   0x0000002e   Code   RO         4966    i.f_close           ff.o
    0x0800c24a   0x00000002   PAD
    0x0800c24c   0x00000064   Code   RO         4973    i.f_mount           ff.o
    0x0800c2b0   0x000001dc   Code   RO         4974    i.f_open            ff.o
    0x0800c48c   0x000001f0   Code   RO         4979    i.f_read            ff.o
    0x0800c67c   0x000000ca   Code   RO         4983    i.f_sync            ff.o
    0x0800c746   0x00000240   Code   RO         4987    i.f_write           ff.o
    0x0800c986   0x00000002   PAD
    0x0800c988   0x0000004c   Code   RO         5457    i.ff_convert        unicode.o
    0x0800c9d4   0x0000000c   Code   RO         5411    i.ff_memalloc       syscall.o
    0x0800c9e0   0x0000000c   Code   RO         5412    i.ff_memfree        syscall.o
    0x0800c9ec   0x00000038   Code   RO         5458    i.ff_wtoupper       unicode.o
    0x0800ca24   0x000003cc   Code   RO         4988    i.find_volume       ff.o
    0x0800cdf0   0x00000080   Code   RO         4989    i.fit_lfn           ff.o
    0x0800ce70   0x0000009c   Code   RO         4990    i.follow_path       ff.o
    0x0800cf0c   0x00000038   Code   RO          725    i.fputc             fputc_debug.o
    0x0800cf44   0x00000050   Code   RO         6323    i.free              mc_w.l(malloc.o)
    0x0800cf94   0x000000b0   Code   RO         4991    i.gen_numname       ff.o
    0x0800d044   0x0000008c   Code   RO          594    i.getDataCB         application.o
    0x0800d0d0   0x00000050   Code   RO          595    i.getDataSineCB     application.o
    0x0800d120   0x000000e4   Code   RO         4992    i.get_fat           ff.o
    0x0800d204   0x00000004   Code   RO         4898    i.get_fattime       diskio.o
    0x0800d208   0x00000048   Code   RO         4994    i.get_ldnumber      ff.o
    0x0800d250   0x000000e8   Code   RO         4995    i.inc_lock          ff.o
    0x0800d338   0x00000022   Code   RO         4996    i.ld_clust          ff.o
    0x0800d35a   0x00000002   PAD
    0x0800d35c   0x0000007c   Code   RO           19    i.main              main.o
    0x0800d3d8   0x0000006c   Code   RO         6324    i.malloc            mc_w.l(malloc.o)
    0x0800d444   0x00000026   Code   RO         4997    i.mem_cmp           ff.o
    0x0800d46a   0x0000001a   Code   RO         4998    i.mem_cpy           ff.o
    0x0800d484   0x00000014   Code   RO         4999    i.mem_set           ff.o
    0x0800d498   0x00000036   Code   RO         5000    i.move_window       ff.o
    0x0800d4ce   0x00000136   Code   RO         5002    i.put_fat           ff.o
    0x0800d604   0x0000007a   Code   RO         5004    i.remove_chain      ff.o
    0x0800d67e   0x00000010   Code   RO         5005    i.st_clust          ff.o
    0x0800d68e   0x00000020   Code   RO         5006    i.sum_sfn           ff.o
    0x0800d6ae   0x000000f4   Code   RO         5007    i.sync_fs           ff.o
    0x0800d7a2   0x0000005a   Code   RO         5008    i.sync_window       ff.o
    0x0800d7fc   0x00000046   Code   RO         5009    i.validate          ff.o
    0x0800d842   0x00000030   Data   RO          597    .constdata          application.o
    0x0800d872   0x00000002   PAD
    0x0800d874   0x00000010   Data   RO          757    .constdata          audiofilter.o
    0x0800d884   0x00000190   Data   RO          802    .constdata          filters.o
    0x0800da14   0x0000000b   Data   RO         1056    .constdata          stm32f401_discovery.o
    0x0800da1f   0x00000010   Data   RO         3301    .constdata          stm32f4xx_hal_rcc.o
    0x0800da2f   0x00000001   PAD
    0x0800da30   0x000000ba   Data   RO         5011    .constdata          ff.o
    0x0800daea   0x000004c0   Data   RO         5459    .constdata          unicode.o
    0x0800dfaa   0x00000002   PAD
    0x0800dfac   0x00000004   Data   RO         5504    .conststring        usbh_msc.o
    0x0800dfb0   0x00000020   Data   RO         6405    Region$$Table       anon$$obj.o


    Execution Region RW_IRAM1 (Base: 0x20000000, Size: 0x00006428, Max: 0x00010000, ABSOLUTE)

    Base Addr    Size         Type   Attr      Idx    E Section Name        Object

    0x20000000   0x00000010   Data   RW           21    .data               main.o
    0x20000010   0x00000001   Data   RW          539    .data               waveplayer.o
    0x20000011   0x0000000a   Data   RW          598    .data               application.o
    0x2000001b   0x00000001   PAD
    0x2000001c   0x0000002e   Data   RW          834    .data               cs43l22.o
    0x2000004a   0x00000002   PAD
    0x2000004c   0x00000036   Data   RW          921    .data               lsm303dlhc.o
    0x20000082   0x00000002   PAD
    0x20000084   0x0000001c   Data   RW         1057    .data               stm32f401_discovery.o
    0x200000a0   0x00000004   Data   RW         1203    .data               stm32f401_discovery_accelerometer.o
    0x200000a4   0x00000006   Data   RW         1277    .data               stm32f401_discovery_audio.o
    0x200000aa   0x00000002   PAD
    0x200000ac   0x00000014   Data   RW         1463    .data               system_stm32f4xx.o
    0x200000c0   0x00000004   Data   RW         1642    .data               stm32f4xx_hal.o
    0x200000c4   0x00000006   Data   RW         5012    .data               ff.o
    0x200000ca   0x00000002   PAD
    0x200000cc   0x00000014   Data   RW         5357    .data               usbh_diskio.o
    0x200000e0   0x00000020   Data   RW         5505    .data               usbh_msc.o
    0x20000100   0x00000004   Data   RW         6383    .data               mc_w.l(stdout.o)
    0x20000104   0x00000004   Data   RW         6394    .data               mc_w.l(mvars.o)
    0x20000108   0x00000004   Data   RW         6395    .data               mc_w.l(mvars.o)
    0x2000010c   0x000003f0   Zero   RW           20    .bss                main.o
    0x200004fc   0x00000294   Zero   RW          407    .bss                usbh_conf.o
    0x20000790   0x00001228   Zero   RW          538    .bss                waveplayer.o
    0x200019b8   0x00000680   Zero   RW          596    .bss                application.o
    0x20002038   0x0000003c   Zero   RW          689    .bss                utils.o
    0x20002074   0x000001a0   Zero   RW          756    .bss                audiofilter.o
    0x20002214   0x00000094   Zero   RW         1055    .bss                stm32f401_discovery.o
    0x200022a8   0x0000015c   Zero   RW         1276    .bss                stm32f401_discovery_audio.o
    0x20002404   0x00000018   Zero   RW         5010    .bss                ff.o
    0x2000241c   0x0000000c   Zero   RW         5316    .bss                ff_gen_drv.o
    0x20002428   0x00002000   Zero   RW            2    HEAP                startup_stm32f401xc.o
    0x20004428   0x00002000   Zero   RW            1    STACK               startup_stm32f401xc.o


==============================================================================

Image component sizes


      Code (inc. data)   RO Data    RW Data    ZI Data      Debug   Object Name

       692        136         48         10       1664      19400   application.o
        56          0          0          0          0       1411   arm_fir_init_q15.o
      1278          0          0          0          0       2034   arm_fir_q15.o
       198          0          0          0          0        950   arm_rms_q15.o
       296         14          0          0          0       1195   arm_sqrt_q15.o
        98         16         16          0        416       2460   audiofilter.o
       812         26          0         46          0      10152   cs43l22.o
       184         22          0          0          0       4891   diskio.o
      7602         92        186          6         24      42207   ff.o
        76          6          0          0         12       1066   ff_gen_drv.o
         0          0        400          0          0        520   filters.o
        56          6          0          0          0      27207   fputc_debug.o
       600          0          0         54          0       9308   lsm303dlhc.o
       610         64          0         16       1008     280409   main.o
        36          8        404          0      16384        856   startup_stm32f401xc.o
      1140        128         11         28        148      13370   stm32f401_discovery.o
       220         12          0          4          0       2346   stm32f401_discovery_accelerometer.o
       850        104          0          6        348      10187   stm32f401_discovery_audio.o
       152         16          0          4          0       5188   stm32f4xx_hal.o
       298         22          0          0          0      31263   stm32f4xx_hal_cortex.o
     14128        152          0          0          0      12692   stm32f4xx_hal_dma.o
       504         36          0          0          0       3295   stm32f4xx_hal_gpio.o
      4562          6          0          0          0      14125   stm32f4xx_hal_hcd.o
      2038         36          0          0          0      10696   stm32f4xx_hal_i2c.o
       294         12          0          0          0       4179   stm32f4xx_hal_i2s.o
      1124         60          0          0          0       4949   stm32f4xx_hal_i2s_ex.o
      1996         58         16          0          0       5860   stm32f4xx_hal_rcc.o
       504         26          0          0          0       2235   stm32f4xx_hal_rcc_ex.o
      1504         52          0          0          0      14785   stm32f4xx_hal_tim.o
         4          0          0          0          0       1794   stm32f4xx_hal_tim_ex.o
       116         20          0          0          0       7338   stm32f4xx_it.o
      2358         52          0          0          0      18587   stm32f4xx_ll_usb.o
        24          0          0          0          0       1919   syscall.o
       100         18          0         20          0       1189   system_stm32f4xx.o
       132         16       1216          0          0       2247   unicode.o
       766         30          0          0        660      12905   usbh_conf.o
      1236         22          0          0          0      10882   usbh_core.o
      1318         12          0          0          0      13124   usbh_ctlreq.o
       492         20          0         20          0       5007   usbh_diskio.o
       226          0          0          0          0       4908   usbh_ioreq.o
      2576         10          4         32          0      11497   usbh_msc.o
       878         26          0          0          0       5797   usbh_msc_bot.o
      1010          0          0          0          0       6387   usbh_msc_scsi.o
       168          0          0          0          0       4430   usbh_pipes.o
       152         54          0          0         60       2130   utils.o
       264         28          0          1       4648       5064   waveplayer.o
       160         18          0          0          0       1681   waverecorder.o

    ----------------------------------------------------------------------
     53934       1436       2338        256      25372     656122   Object Totals
         0          0         32          0          0          0   (incl. Generated)
        46          0          5          9          0          0   (incl. Padding)

    ----------------------------------------------------------------------

      Code (inc. data)   RO Data    RW Data    ZI Data      Debug   Library Member Name

         0          0          0          0          0          0   entry.o
         0          0          0          0          0          0   entry10a.o
         0          0          0          0          0          0   entry11a.o
         8          4          0          0          0          0   entry2.o
         4          0          0          0          0          0   entry5.o
         0          0          0          0          0          0   entry7b.o
         0          0          0          0          0          0   entry8b.o
         8          4          0          0          0          0   entry9a.o
        30          0          0          0          0          0   handlers.o
        36          8          0          0          0         68   init.o
        98          0          0          0          0         84   ldiv.o
        30          0          0          0          0         68   llshl.o
        32          0          0          0          0         68   llushr.o
       188         20          0          0          0        160   malloc.o
        36          0          0          0          0         68   memcpya.o
        36          0          0          0          0        108   memseta.o
         0          0          0          8          0          0   mvars.o
       372         14          0          0          0        184   printf1.o
         0          0          0          4          0          0   stdout.o
        44          0          0          0          0         80   uidiv.o
        98          0          0          0          0         92   uldiv.o

    ----------------------------------------------------------------------
      1024         50          0         12          0        980   Library Totals
         4          0          0          0          0          0   (incl. Padding)

    ----------------------------------------------------------------------

      Code (inc. data)   RO Data    RW Data    ZI Data      Debug   Library Name

      1020         50          0         12          0        980   mc_w.l

    ----------------------------------------------------------------------
      1024         50          0         12          0        980   Library Totals

    ----------------------------------------------------------------------

==============================================================================


      Code (inc. data)   RO Data    RW Data    ZI Data      Debug   

     54958       1486       2338        268      25372     623538   Grand Totals
     54958       1486       2338        268      25372     623538   ELF Image Totals
     54958       1486       2338        268          0          0   ROM Totals

==============================================================================

    Total RO  Size (Code + RO Data)                57296 (  55.95kB)
    Total RW  Size (RW Data + ZI Data)             25640 (  25.04kB)
    Total ROM Size (Code + RO Data + RW Data)      57564 (  56.21kB)

==============================================================================

